Component: ARM Compiler 5.06 update 1 (build 61) Tool: armlink [4d35a8]

==============================================================================

Section Cross References

    main.o(i.Init_I2C) refers to i2c_lpc17xx.o(.constdata) for Driver_I2C0
    main.o(i.Init_UART) refers to uart_lpc17xx.o(.constdata) for Driver_USART1
    main.o(i.NunChuck_phase1_init) refers to main.o(i.write2byte) for write2byte
    main.o(i.NunChuck_phase1_init) refers to rt_cmsis.o(i.osDelay) for osDelay
    main.o(i.NunChuck_translate_data) refers to rt_cmsis.o(i.osMailAlloc) for osMailAlloc
    main.o(i.NunChuck_translate_data) refers to rt_cmsis.o(i.osMailPut) for osMailPut
    main.o(i.NunChuck_translate_data) refers to main.o(.data) for tab_read
    main.o(i.Thread_Affichage) refers to _printf_pad.o(.text) for _printf_pre_padding
    main.o(i.Thread_Affichage) refers to _printf_percent.o(.ARM.Collect$$_printf_percent$$00000000) for _printf_percent
    main.o(i.Thread_Affichage) refers to _printf_d.o(.ARM.Collect$$_printf_percent$$00000009) for _printf_d
    main.o(i.Thread_Affichage) refers to _printf_dec.o(.text) for _printf_int_dec
    main.o(i.Thread_Affichage) refers to rt_cmsis.o(i.osMailGet) for osMailGet
    main.o(i.Thread_Affichage) refers to noretval__2sprintf.o(.text) for __2sprintf
    main.o(i.Thread_Affichage) refers to glcd_mcb1700.o(i.GLCD_DrawString) for GLCD_DrawString
    main.o(i.Thread_Affichage) refers to rt_cmsis.o(i.osMailFree) for osMailFree
    main.o(i.Thread_Affichage) refers to main.o(.data) for qid_MailQueue
    main.o(i.Thread_Nunchunk) refers to main.o(i.sendzero) for sendzero
    main.o(i.Thread_Nunchunk) refers to main.o(i.read6byte) for read6byte
    main.o(i.Thread_Nunchunk) refers to main.o(i.NunChuck_translate_data) for NunChuck_translate_data
    main.o(i.Thread_Nunchunk) refers to main.o(.data) for tab_read
    main.o(i.main) refers to rt_cmsis.o(i.osKernelInitialize) for osKernelInitialize
    main.o(i.main) refers to glcd_mcb1700.o(i.GLCD_Initialize) for GLCD_Initialize
    main.o(i.main) refers to glcd_mcb1700.o(i.GLCD_ClearScreen) for GLCD_ClearScreen
    main.o(i.main) refers to glcd_mcb1700.o(i.GLCD_SetFont) for GLCD_SetFont
    main.o(i.main) refers to led_mcb1700.o(i.LED_Initialize) for LED_Initialize
    main.o(i.main) refers to main.o(i.Init_I2C) for Init_I2C
    main.o(i.main) refers to main.o(i.Init_UART) for Init_UART
    main.o(i.main) refers to rt_cmsis.o(i.osMutexCreate) for osMutexCreate
    main.o(i.main) refers to rt_cmsis.o(i.osMailCreate) for osMailCreate
    main.o(i.main) refers to rt_cmsis.o(i.osThreadCreate) for osThreadCreate
    main.o(i.main) refers to main.o(i.NunChuck_phase1_init) for NunChuck_phase1_init
    main.o(i.main) refers to noretval__2sprintf.o(.text) for __2sprintf
    main.o(i.main) refers to glcd_mcb1700.o(i.GLCD_DrawString) for GLCD_DrawString
    main.o(i.main) refers to rt_cmsis.o(i.osKernelStart) for osKernelStart
    main.o(i.main) refers to rt_cmsis.o(i.osDelay) for osDelay
    main.o(i.main) refers to glcd_fonts.o(.constdata) for GLCD_Font_16x24
    main.o(i.main) refers to main.o(.constdata) for os_mutex_def_SampleMutex
    main.o(i.main) refers to main.o(.data) for mid_Thread_Mutex
    main.o(i.read6byte) refers to rt_cmsis.o(i.osDelay) for osDelay
    main.o(i.read6byte) refers to i2c_lpc17xx.o(.constdata) for Driver_I2C0
    main.o(i.read6byte) refers to main.o(.data) for tab_read
    main.o(i.sendzero) refers to i2c_lpc17xx.o(.constdata) for Driver_I2C0
    main.o(i.write2byte) refers to i2c_lpc17xx.o(.constdata) for Driver_I2C0
    main.o(.constdata) refers to main.o(i.Thread_Nunchunk) for Thread_Nunchunk
    main.o(.constdata) refers to main.o(i.Thread_Affichage) for Thread_Affichage
    main.o(.constdata) refers to main.o(i.Thread_Envoie_BT) for Thread_Envoie_BT
    main.o(.constdata) refers to main.o(.data) for os_mailQ_p_MailQueue
    main.o(.constdata) refers to main.o(.bss) for os_mutex_cb_SampleMutex
    main.o(.data) refers to main.o(.bss) for os_mailQ_q_MailQueue
    glcd_mcb1700.o(i.GLCD_ClearScreen) refers to glcd_mcb1700.o(i.GLCD_WindowMax) for GLCD_WindowMax
    glcd_mcb1700.o(i.GLCD_ClearScreen) refers to glcd_mcb1700.o(i.wr_cmd) for wr_cmd
    glcd_mcb1700.o(i.GLCD_ClearScreen) refers to glcd_mcb1700.o(i.wr_dat_start) for wr_dat_start
    glcd_mcb1700.o(i.GLCD_ClearScreen) refers to glcd_mcb1700.o(i.wr_dat_only) for wr_dat_only
    glcd_mcb1700.o(i.GLCD_ClearScreen) refers to glcd_mcb1700.o(i.wr_dat_stop) for wr_dat_stop
    glcd_mcb1700.o(i.GLCD_ClearScreen) refers to glcd_mcb1700.o(.data) for background_color
    glcd_mcb1700.o(i.GLCD_DrawBargraph) refers to glcd_mcb1700.o(i.GLCD_SetWindow) for GLCD_SetWindow
    glcd_mcb1700.o(i.GLCD_DrawBargraph) refers to glcd_mcb1700.o(i.wr_cmd) for wr_cmd
    glcd_mcb1700.o(i.GLCD_DrawBargraph) refers to glcd_mcb1700.o(i.wr_dat_start) for wr_dat_start
[...]
    i.rt_init_context                        0x00005418   Section        0  rt_task.o(i.rt_init_context)
    rt_init_context                          0x00005419   Thumb Code    66  rt_task.o(i.rt_init_context)
    i.rt_init_mem                            0x00005460   Section        0  rt_memory.o(i.rt_init_mem)
    i.rt_init_robin                          0x0000547c   Section        0  rt_robin.o(i.rt_init_robin)
    i.rt_init_stack                          0x00005494   Section        0  hal_cm.o(i.rt_init_stack)
    i.rt_mbx_check                           0x00005514   Section        0  rt_mailbox.o(i.rt_mbx_check)
    i.rt_mbx_init                            0x0000551c   Section        0  rt_mailbox.o(i.rt_mbx_init)
    i.rt_mbx_psh                             0x00005538   Section        0  rt_mailbox.o(i.rt_mbx_psh)
    i.rt_mbx_send                            0x00005628   Section        0  rt_mailbox.o(i.rt_mbx_send)
    i.rt_mbx_wait                            0x000056c0   Section        0  rt_mailbox.o(i.rt_mbx_wait)
    i.rt_ms2tick                             0x00005774   Section        0  rt_cmsis.o(i.rt_ms2tick)
    rt_ms2tick                               0x00005775   Thumb Code    58  rt_cmsis.o(i.rt_ms2tick)
    i.rt_mut_init                            0x000057b8   Section        0  rt_mutex.o(i.rt_mut_init)
    i.rt_mut_release                         0x000057c8   Section        0  rt_mutex.o(i.rt_mut_release)
    i.rt_mut_wait                            0x000058a0   Section        0  rt_mutex.o(i.rt_mut_wait)
    i.rt_pop_req                             0x00005918   Section        0  rt_system.o(i.rt_pop_req)
    i.rt_psh_req                             0x00005994   Section        0  rt_system.o(i.rt_psh_req)
    i.rt_psq_enq                             0x000059b4   Section        0  rt_list.o(i.rt_psq_enq)
    i.rt_put_dly                             0x00005a10   Section        0  rt_list.o(i.rt_put_dly)
    i.rt_put_prio                            0x00005a58   Section        0  rt_list.o(i.rt_put_prio)
    i.rt_put_rdy_first                       0x00005a90   Section        0  rt_list.o(i.rt_put_rdy_first)
    i.rt_resort_prio                         0x00005aa4   Section        0  rt_list.o(i.rt_resort_prio)
    i.rt_ret_val                             0x00005ad8   Section        0  hal_cm.o(i.rt_ret_val)
    i.rt_ret_val2                            0x00005ade   Section        0  hal_cm.o(i.rt_ret_val2)
    i.rt_rmv_dly                             0x00005ae6   Section        0  rt_list.o(i.rt_rmv_dly)
    i.rt_rmv_list                            0x00005b10   Section        0  rt_list.o(i.rt_rmv_list)
    i.rt_sem_psh                             0x00005b40   Section        0  rt_semaphore.o(i.rt_sem_psh)
    i.rt_stk_check                           0x00005b74   Section        0  rt_system.o(i.rt_stk_check)
    i.rt_switch_req                          0x00005b98   Section        0  rt_task.o(i.rt_switch_req)
    i.rt_sys_init                            0x00005bc0   Section        0  rt_task.o(i.rt_sys_init)
    i.rt_sys_start                           0x00005c8c   Section        0  rt_task.o(i.rt_sys_start)
    i.rt_systick                             0x00005d04   Section        0  rt_system.o(i.rt_systick)
    i.rt_tid2ptcb                            0x00005d44   Section        0  rt_cmsis.o(i.rt_tid2ptcb)
    rt_tid2ptcb                              0x00005d45   Thumb Code    18  rt_cmsis.o(i.rt_tid2ptcb)
    i.rt_timer_insert                        0x00005d58   Section        0  rt_cmsis.o(i.rt_timer_insert)
    rt_timer_insert                          0x00005d59   Thumb Code    48  rt_cmsis.o(i.rt_timer_insert)
    i.rt_tsk_create                          0x00005d8c   Section        0  rt_task.o(i.rt_tsk_create)
    i.rt_tsk_delete                          0x00005e14   Section        0  rt_task.o(i.rt_tsk_delete)
    i.rt_tsk_prio                            0x00005f90   Section        0  rt_task.o(i.rt_tsk_prio)
    i.rt_tsk_self                            0x0000600c   Section        0  rt_task.o(i.rt_tsk_self)
    i.sendzero                               0x0000601c   Section        0  main.o(i.sendzero)
    i.spi_tran                               0x0000604c   Section        0  glcd_mcb1700.o(i.spi_tran)
    spi_tran                                 0x0000604d   Thumb Code    40  glcd_mcb1700.o(i.spi_tran)
    i.spi_tran_man                           0x00006078   Section        0  glcd_mcb1700.o(i.spi_tran_man)
    spi_tran_man                             0x00006079   Thumb Code   132  glcd_mcb1700.o(i.spi_tran_man)
    i.svcDelay                               0x00006100   Section        0  rt_cmsis.o(i.svcDelay)
    i.svcKernelInitialize                    0x00006114   Section        0  rt_cmsis.o(i.svcKernelInitialize)
    i.svcKernelStart                         0x00006184   Section        0  rt_cmsis.o(i.svcKernelStart)
    i.svcMailCreate                          0x000061cc   Section        0  rt_cmsis.o(i.svcMailCreate)
    i.svcMessageCreate                       0x0000620e   Section        0  rt_cmsis.o(i.svcMessageCreate)
    i.svcMessageGet                          0x00006232   Section        0  rt_cmsis.o(i.svcMessageGet)
    i.svcMessagePut                          0x0000626c   Section        0  rt_cmsis.o(i.svcMessagePut)
    i.svcMutexCreate                         0x000062a2   Section        0  rt_cmsis.o(i.svcMutexCreate)
    i.svcThreadCreate                        0x000062c0   Section        0  rt_cmsis.o(i.svcThreadCreate)
    i.svcThreadGetId                         0x0000632c   Section        0  rt_cmsis.o(i.svcThreadGetId)
    i.svcThreadTerminate                     0x00006348   Section        0  rt_cmsis.o(i.svcThreadTerminate)
    i.svcTimerCall                           0x00006380   Section        0  rt_cmsis.o(i.svcTimerCall)
    i.sysMailAlloc                           0x00006398   Section        0  rt_cmsis.o(i.sysMailAlloc)
    i.sysMailFree                            0x000063f0   Section        0  rt_cmsis.o(i.sysMailFree)
    i.sysTimerTick                           0x00006450   Section        0  rt_cmsis.o(i.sysTimerTick)
    i.wr_cmd                                 0x000064ac   Section        0  glcd_mcb1700.o(i.wr_cmd)
    wr_cmd                                   0x000064ad   Thumb Code    70  glcd_mcb1700.o(i.wr_cmd)
    i.wr_dat_only                            0x000064f8   Section        0  glcd_mcb1700.o(i.wr_dat_only)
    wr_dat_only                              0x000064f9   Thumb Code    46  glcd_mcb1700.o(i.wr_dat_only)
    i.wr_dat_start                           0x0000652c   Section        0  glcd_mcb1700.o(i.wr_dat_start)
    wr_dat_start                             0x0000652d   Thumb Code    20  glcd_mcb1700.o(i.wr_dat_start)
    i.wr_dat_stop                            0x00006544   Section        0  glcd_mcb1700.o(i.wr_dat_stop)
    wr_dat_stop                              0x00006545   Thumb Code    14  glcd_mcb1700.o(i.wr_dat_stop)
    i.wr_reg                                 0x00006558   Section        0  glcd_mcb1700.o(i.wr_reg)
    wr_reg                                   0x00006559   Thumb Code   140  glcd_mcb1700.o(i.wr_reg)
    i.write2byte                             0x000065e8   Section        0  main.o(i.write2byte)
    .constdata                               0x00006624   Section       64  main.o(.constdata)
    .constdata                               0x00006664   Section     6304  glcd_fonts.o(.constdata)
    Font_6x8_h                               0x00006664   Data         896  glcd_fonts.o(.constdata)
    Font_16x24_h                             0x000069e4   Data        5376  glcd_fonts.o(.constdata)
    .constdata                               0x00007f04   Section       16  led_mcb1700.o(.constdata)
    .constdata                               0x00007f14   Section      104  rtx_conf_cm.o(.constdata)
    __tagsym$$used                           0x00007f30   Number         0  rtx_conf_cm.o(.constdata)
    __tagsym$$used                           0x00007f34   Number         0  rtx_conf_cm.o(.constdata)
    __tagsym$$used                           0x00007f38   Number         0  rtx_conf_cm.o(.constdata)
    __tagsym$$used                           0x00007f3c   Number         0  rtx_conf_cm.o(.constdata)
    .constdata                               0x00007f7c   Section      100  i2c_lpc17xx.o(.constdata)
    DriverVersion                            0x00007f7c   Data           4  i2c_lpc17xx.o(.constdata)
    DriverCapabilities                       0x00007f80   Data           4  i2c_lpc17xx.o(.constdata)
    I2C0_Resources                           0x00007f84   Data          44  i2c_lpc17xx.o(.constdata)
    .constdata                               0x00007fe0   Section      124  ssp_lpc17xx.o(.constdata)
    DriverVersion                            0x00007fe0   Data           4  ssp_lpc17xx.o(.constdata)
    DriverCapabilities                       0x00007fe4   Data           4  ssp_lpc17xx.o(.constdata)
    SSP1_Resources                           0x00007fe8   Data          72  ssp_lpc17xx.o(.constdata)
    .constdata                               0x0000805c   Section      464  uart_lpc17xx.o(.constdata)
    usart_driver_version                     0x0000805c   Data           4  uart_lpc17xx.o(.constdata)
    fract_div_lookup_table                   0x00008060   Data         288  uart_lpc17xx.o(.constdata)
    USART1_DMA_Tx                            0x00008180   Data           8  uart_lpc17xx.o(.constdata)
    USART1_DMA_Rx                            0x00008188   Data           8  uart_lpc17xx.o(.constdata)
    USART1_Resources                         0x00008190   Data         100  uart_lpc17xx.o(.constdata)
    .constdata                               0x0000822c   Section       17  __printf_flags_wp.o(.constdata)
    maptable                                 0x0000822c   Data          17  __printf_flags_wp.o(.constdata)
    .data                                    0x10000000   Section       37  main.o(.data)
    etat                                     0x10000024   Data           1  main.o(.data)
    .data                                    0x10000028   Section       17  glcd_mcb1700.o(.data)
    spi1_pins                                0x10000028   Data           8  glcd_mcb1700.o(.data)
    foreground_color                         0x10000030   Data           2  glcd_mcb1700.o(.data)
    background_color                         0x10000032   Data           2  glcd_mcb1700.o(.data)
    active_font                              0x10000034   Data           4  glcd_mcb1700.o(.data)
    Himax                                    0x10000038   Data           1  glcd_mcb1700.o(.data)
    .data                                    0x1000003c   Section       20  rtx_conf_cm.o(.data)
    nr_mutex                                 0x1000004c   Data           4  rtx_conf_cm.o(.data)
    .data                                    0x10000050   Section        4  i2c_lpc17xx.o(.data)
    .data                                    0x10000054   Section       16  ssp_lpc17xx.o(.data)
    SSP1_pin_sck                             0x10000054   Data           2  ssp_lpc17xx.o(.data)
    SSP1_pin_miso                            0x10000056   Data           2  ssp_lpc17xx.o(.data)
    SSP1_pin_mosi                            0x10000058   Data           2  ssp_lpc17xx.o(.data)
    SSP1_pin_ssel                            0x1000005a   Data           2  ssp_lpc17xx.o(.data)
    dummy_data                               0x1000005c   Data           4  ssp_lpc17xx.o(.data)
    dummy_data                               0x10000060   Data           4  ssp_lpc17xx.o(.data)
    .data                                    0x10000064   Section        4  uart_lpc17xx.o(.data)
    USART1_pin_tx                            0x10000064   Data           2  uart_lpc17xx.o(.data)
    USART1_pin_rx                            0x10000066   Data           2  uart_lpc17xx.o(.data)
    .data                                    0x10000068   Section        8  gpdma_lpc17xx.o(.data)
    Channel_active                           0x10000068   Data           4  gpdma_lpc17xx.o(.data)
    Init_cnt                                 0x1000006c   Data           4  gpdma_lpc17xx.o(.data)
    .data                                    0x10000070   Section        4  system_lpc17xx.o(.data)
    .data                                    0x10000074   Section        8  rt_cmsis.o(.data)
    .data                                    0x1000007c   Section        8  rt_task.o(.data)
    .data                                    0x10000084   Section        8  rt_system.o(.data)
    os_lock                                  0x10000084   Data           1  rt_system.o(.data)
    os_psh_flag                              0x10000085   Data           1  rt_system.o(.data)
    pend_flags                               0x10000086   Data           1  rt_system.o(.data)
    .data                                    0x1000008c   Section        4  rt_time.o(.data)
    .data                                    0x10000090   Section        8  rt_robin.o(.data)
    .data                                    0x10000098   Section        1  hal_cm.o(.data)
    .bss                                     0x1000009c   Section     2156  main.o(.bss)
    .bss                                     0x10000908   Section    15616  rtx_conf_cm.o(.bss)
    std_libspace                             0x100042e8   Data         672  rtx_conf_cm.o(.bss)
    std_libmutex                             0x10004588   Data         128  rtx_conf_cm.o(.bss)
    .bss                                     0x10004608   Section       36  i2c_lpc17xx.o(.bss)
    I2C0_Ctrl                                0x10004608   Data          36  i2c_lpc17xx.o(.bss)
    .bss                                     0x1000462c   Section       40  ssp_lpc17xx.o(.bss)
    SSP1_Info                                0x1000462c   Data          12  ssp_lpc17xx.o(.bss)
    SSP1_Xfer                                0x10004638   Data          28  ssp_lpc17xx.o(.bss)
    .bss                                     0x10004654   Section       52  uart_lpc17xx.o(.bss)
    USART1_Info                              0x10004654   Data          52  uart_lpc17xx.o(.bss)
    .bss                                     0x10004688   Section      160  gpdma_lpc17xx.o(.bss)
    Channel_info                             0x10004688   Data         160  gpdma_lpc17xx.o(.bss)
    .bss                                     0x10004728   Section       52  rt_task.o(.bss)
    .bss                                     0x1000475c   Section       48  rt_list.o(.bss)
    .bss                                     0x1000478c   Section       96  libspace.o(.bss)
    HEAP                                     0x100047f0   Section        0  startup_lpc17xx.o(HEAP)
    STACK                                    0x100047f0   Section      512  startup_lpc17xx.o(STACK)
    Heap_Mem                                 0x100047f0   Data           0  startup_lpc17xx.o(HEAP)
    Stack_Mem                                0x100047f0   Data         512  startup_lpc17xx.o(STACK)
    __initial_sp                             0x100049f0   Data           0  startup_lpc17xx.o(STACK)

    Global Symbols

    Symbol Name                              Value     Ov Type        Size  Object(Section)

    BuildAttributes$$THM_ISAv4$P$D$K$B$S$PE$A:L22UL41UL21$X:L11$S22US41US21$IEEE1$IW$USESV6$~STKCKD$USESV7$~SHL$OSPACE$ROPI$EBA8$UX$STANDARDLIB$REQ8$PRES8$EABIv2 0x00000000   Number         0  anon$$obj.o ABSOLUTE
    __ARM_use_no_argv                        0x00000000   Number         0  main.o ABSOLUTE
    __Vectors                                0x00000000   Data           4  startup_lpc17xx.o(RESET)
    _printf_flags                            0x00000000   Number         0  printf_stubs.o ABSOLUTE
    _printf_return_value                     0x00000000   Number         0  printf_stubs.o ABSOLUTE
    _printf_sizespec                         0x00000000   Number         0  printf_stubs.o ABSOLUTE
    _printf_widthprec                        0x00000000   Number         0  printf_stubs.o ABSOLUTE
    __ARM_exceptions_init                     - Undefined Weak Reference
    __alloca_initialize                       - Undefined Weak Reference
    __arm_preinit_                            - Undefined Weak Reference
    __cpp_initialize__aeabi_                  - Undefined Weak Reference
    __cxa_finalize                            - Undefined Weak Reference
    __rt_locale                               - Undefined Weak Reference
    __sigvec_lookup                           - Undefined Weak Reference
    _atexit_init                              - Undefined Weak Reference
    _call_atexit_fns                          - Undefined Weak Reference
    _clock_init                               - Undefined Weak Reference
    _fp_trap_init                             - Undefined Weak Reference
    _fp_trap_shutdown                         - Undefined Weak Reference
    _get_lc_collate                           - Undefined Weak Reference
    _get_lc_ctype                             - Undefined Weak Reference
    _get_lc_monetary                          - Undefined Weak Reference
    _get_lc_numeric                           - Undefined Weak Reference
    _get_lc_time                              - Undefined Weak Reference
    _getenv_init                              - Undefined Weak Reference
    _handle_redirection                       - Undefined Weak Reference
    _init_alloc                               - Undefined Weak Reference
    _init_user_alloc                          - Undefined Weak Reference
    _initio                                   - Undefined Weak Reference
    _printf_truncate_signed                   - Undefined Weak Reference
    _printf_truncate_unsigned                 - Undefined Weak Reference
    _rand_init                                - Undefined Weak Reference
    _signal_finish                            - Undefined Weak Reference
    _signal_init                              - Undefined Weak Reference
    _terminate_alloc                          - Undefined Weak Reference
    _terminate_user_alloc                     - Undefined Weak Reference
    _terminateio                              - Undefined Weak Reference
    __main                                   0x000000cd   Thumb Code     8  __main.o(!!!main)
    __scatterload                            0x000000d5   Thumb Code     0  __scatter.o(!!!scatter)
    __scatterload_rt2                        0x000000d5   Thumb Code    44  __scatter.o(!!!scatter)
    __scatterload_rt2_thumb_only             0x000000d5   Thumb Code     0  __scatter.o(!!!scatter)
    __scatterload_null                       0x000000e3   Thumb Code     0  __scatter.o(!!!scatter)
    __scatterload_copy                       0x00000109   Thumb Code    26  __scatter_copy.o(!!handler_copy)
    __scatterload_zeroinit                   0x00000125   Thumb Code    28  __scatter_zi.o(!!handler_zi)
    _printf_d                                0x00000141   Thumb Code     0  _printf_d.o(.ARM.Collect$$_printf_percent$$00000009)
    _printf_percent                          0x00000141   Thumb Code     0  _printf_percent.o(.ARM.Collect$$_printf_percent$$00000000)
    _printf_percent_end                      0x00000147   Thumb Code     0  _printf_percent_end.o(.ARM.Collect$$_printf_percent$$00000017)
    __rt_lib_init                            0x0000014b   Thumb Code     0  libinit.o(.ARM.Collect$$libinit$$00000000)
    __rt_lib_init_alloca_1                   0x0000014d   Thumb Code     0  libinit2.o(.ARM.Collect$$libinit$$0000002E)
    __rt_lib_init_argv_1                     0x0000014d   Thumb Code     0  libinit2.o(.ARM.Collect$$libinit$$0000002C)
    __rt_lib_init_atexit_1                   0x0000014d   Thumb Code     0  libinit2.o(.ARM.Collect$$libinit$$0000001B)
    __rt_lib_init_clock_1                    0x0000014d   Thumb Code     0  libinit2.o(.ARM.Collect$$libinit$$00000021)
    __rt_lib_init_cpp_1                      0x0000014d   Thumb Code     0  libinit2.o(.ARM.Collect$$libinit$$00000032)
    __rt_lib_init_exceptions_1               0x0000014d   Thumb Code     0  libinit2.o(.ARM.Collect$$libinit$$00000030)
    __rt_lib_init_fp_1                       0x0000014d   Thumb Code     0  libinit2.o(.ARM.Collect$$libinit$$00000002)
    __rt_lib_init_fp_trap_1                  0x0000014d   Thumb Code     0  libinit2.o(.ARM.Collect$$libinit$$0000001F)
    __rt_lib_init_getenv_1                   0x0000014d   Thumb Code     0  libinit2.o(.ARM.Collect$$libinit$$00000023)
    __rt_lib_init_heap_1                     0x0000014d   Thumb Code     0  libinit2.o(.ARM.Collect$$libinit$$0000000A)
    __rt_lib_init_lc_collate_1               0x0000014d   Thumb Code     0  libinit2.o(.ARM.Collect$$libinit$$00000011)
    __rt_lib_init_lc_ctype_1                 0x0000014d   Thumb Code     0  libinit2.o(.ARM.Collect$$libinit$$00000013)
    __rt_lib_init_lc_monetary_1              0x0000014d   Thumb Code     0  libinit2.o(.ARM.Collect$$libinit$$00000015)
    __rt_lib_init_lc_numeric_1               0x0000014d   Thumb Code     0  libinit2.o(.ARM.Collect$$libinit$$00000017)
    __rt_lib_init_lc_time_1                  0x0000014d   Thumb Code     0  libinit2.o(.ARM.Collect$$libinit$$00000019)
    __rt_lib_init_preinit_1                  0x0000014d   Thumb Code     0  libinit2.o(.ARM.Collect$$libinit$$00000004)
    __rt_lib_init_rand_1                     0x0000014d   Thumb Code     0  libinit2.o(.ARM.Collect$$libinit$$0000000E)
    __rt_lib_init_return                     0x0000014d   Thumb Code     0  libinit2.o(.ARM.Collect$$libinit$$00000033)
    __rt_lib_init_signal_1                   0x0000014d   Thumb Code     0  libinit2.o(.ARM.Collect$$libinit$$0000001D)
    __rt_lib_init_stdio_1                    0x0000014d   Thumb Code     0  libinit2.o(.ARM.Collect$$libinit$$00000025)
    __rt_lib_init_user_alloc_1               0x0000014d   Thumb Code     0  libinit2.o(.ARM.Collect$$libinit$$0000000C)
    __rt_lib_shutdown                        0x0000014f   Thumb Code     0  libshutdown.o(.ARM.Collect$$libshutdown$$00000000)
    __rt_lib_shutdown_cpp_1                  0x00000151   Thumb Code     0  libshutdown2.o(.ARM.Collect$$libshutdown$$00000002)
    __rt_lib_shutdown_fp_trap_1              0x00000151   Thumb Code     0  libshutdown2.o(.ARM.Collect$$libshutdown$$00000007)
    __rt_lib_shutdown_heap_1                 0x00000151   Thumb Code     0  libshutdown2.o(.ARM.Collect$$libshutdown$$0000000F)
    __rt_lib_shutdown_return                 0x00000151   Thumb Code     0  libshutdown2.o(.ARM.Collect$$libshutdown$$00000010)
    __rt_lib_shutdown_signal_1               0x00000151   Thumb Code     0  libshutdown2.o(.ARM.Collect$$libshutdown$$0000000A)
    __rt_lib_shutdown_stdio_1                0x00000151   Thumb Code     0  libshutdown2.o(.ARM.Collect$$libshutdown$$00000004)
    __rt_lib_shutdown_user_alloc_1           0x00000151   Thumb Code     0  libshutdown2.o(.ARM.Collect$$libshutdown$$0000000C)
    __rt_entry                               0x00000153   Thumb Code     0  __rtentry.o(.ARM.Collect$$rtentry$$00000000)
    __rt_entry_presh_1                       0x00000153   Thumb Code     0  __rtentry2.o(.ARM.Collect$$rtentry$$00000002)
    __rt_entry_sh                            0x00000153   Thumb Code     0  __rtentry4.o(.ARM.Collect$$rtentry$$00000004)
    __rt_entry_li                            0x00000159   Thumb Code     0  __rtentry2.o(.ARM.Collect$$rtentry$$0000000A)
    __rt_entry_postsh_1                      0x00000159   Thumb Code     0  __rtentry2.o(.ARM.Collect$$rtentry$$00000009)
    __rt_entry_postli_1                      0x0000015d   Thumb Code     0  __rtentry2.o(.ARM.Collect$$rtentry$$0000000B)
    __rt_entry_main                          0x00000165   Thumb Code     0  __rtentry2.o(.ARM.Collect$$rtentry$$0000000D)
    __rt_exit                                0x0000016d   Thumb Code     0  rtexit.o(.ARM.Collect$$rtexit$$00000000)
    __rt_exit_ls                             0x0000016f   Thumb Code     0  rtexit2.o(.ARM.Collect$$rtexit$$00000003)
    __rt_exit_prels_1                        0x0000016f   Thumb Code     0  rtexit2.o(.ARM.Collect$$rtexit$$00000002)
    __rt_exit_exit                           0x00000173   Thumb Code     0  rtexit2.o(.ARM.Collect$$rtexit$$00000004)
    _platform_post_lib_init                  0x00000179   Thumb Code    24  rtx_conf_cm.o(.emb_text)
    rt_set_PSP                               0x00000195   Thumb Code     6  hal_cm3.o(.emb_text)
    rt_get_PSP                               0x0000019b   Thumb Code     6  hal_cm3.o(.emb_text)
    os_set_env                               0x000001a1   Thumb Code    24  hal_cm3.o(.emb_text)
    _alloc_box                               0x000001bd   Thumb Code    28  hal_cm3.o(.emb_text)
    _free_box                                0x000001dd   Thumb Code    28  hal_cm3.o(.emb_text)
    SVC_Handler                              0x000001fd   Thumb Code   108  hal_cm3.o(.emb_text)
    PendSV_Handler                           0x00000275   Thumb Code    56  hal_cm3.o(.emb_text)
    SysTick_Handler                          0x000002b1   Thumb Code     8  hal_cm3.o(.emb_text)
    OS_Tick_Handler                          0x000002b9   Thumb Code    12  hal_cm3.o(.emb_text)
    __user_libspace                          0x000002c5   Thumb Code     8  libspace.o(.text)
    __user_perproc_libspace                  0x000002c5   Thumb Code     0  libspace.o(.text)
    __2sprintf                               0x000002cd   Thumb Code    34  noretval__2sprintf.o(.text)
    __use_two_region_memory                  0x000002f5   Thumb Code     2  heapauxi.o(.text)
    __rt_heap_escrow$2region                 0x000002f7   Thumb Code     2  heapauxi.o(.text)
    __rt_heap_expand$2region                 0x000002f9   Thumb Code     2  heapauxi.o(.text)
    __I$use$semihosting                      0x000002fb   Thumb Code     0  use_no_semi.o(.text)
    __use_no_semihosting_swi                 0x000002fb   Thumb Code     2  use_no_semi.o(.text)
    Reset_Handler                            0x00000301   Thumb Code     8  startup_lpc17xx.o(.text)
    NMI_Handler                              0x00000309   Thumb Code     2  startup_lpc17xx.o(.text)
    HardFault_Handler                        0x0000030b   Thumb Code     2  startup_lpc17xx.o(.text)
    MemManage_Handler                        0x0000030d   Thumb Code     2  startup_lpc17xx.o(.text)
    BusFault_Handler                         0x0000030f   Thumb Code     2  startup_lpc17xx.o(.text)
    UsageFault_Handler                       0x00000311   Thumb Code     2  startup_lpc17xx.o(.text)
    DebugMon_Handler                         0x00000315   Thumb Code     2  startup_lpc17xx.o(.text)
    ADC_IRQHandler                           0x0000031b   Thumb Code     0  startup_lpc17xx.o(.text)
    BOD_IRQHandler                           0x0000031b   Thumb Code     0  startup_lpc17xx.o(.text)
    CANActivity_IRQHandler                   0x0000031b   Thumb Code     0  startup_lpc17xx.o(.text)
    CAN_IRQHandler                           0x0000031b   Thumb Code     0  startup_lpc17xx.o(.text)
    EINT0_IRQHandler                         0x0000031b   Thumb Code     0  startup_lpc17xx.o(.text)
    EINT1_IRQHandler                         0x0000031b   Thumb Code     0  startup_lpc17xx.o(.text)
    EINT2_IRQHandler                         0x0000031b   Thumb Code     0  startup_lpc17xx.o(.text)
    EINT3_IRQHandler                         0x0000031b   Thumb Code     0  startup_lpc17xx.o(.text)
    ENET_IRQHandler                          0x0000031b   Thumb Code     0  startup_lpc17xx.o(.text)
    I2C1_IRQHandler                          0x0000031b   Thumb Code     0  startup_lpc17xx.o(.text)
    I2C2_IRQHandler                          0x0000031b   Thumb Code     0  startup_lpc17xx.o(.text)
    I2S_IRQHandler                           0x0000031b   Thumb Code     0  startup_lpc17xx.o(.text)
    MCPWM_IRQHandler                         0x0000031b   Thumb Code     0  startup_lpc17xx.o(.text)
    PLL0_IRQHandler                          0x0000031b   Thumb Code     0  startup_lpc17xx.o(.text)
    PLL1_IRQHandler                          0x0000031b   Thumb Code     0  startup_lpc17xx.o(.text)
    PWM1_IRQHandler                          0x0000031b   Thumb Code     0  startup_lpc17xx.o(.text)
    QEI_IRQHandler                           0x0000031b   Thumb Code     0  startup_lpc17xx.o(.text)
    RIT_IRQHandler                           0x0000031b   Thumb Code     0  startup_lpc17xx.o(.text)
    RTC_IRQHandler                           0x0000031b   Thumb Code     0  startup_lpc17xx.o(.text)
    SPI_IRQHandler                           0x0000031b   Thumb Code     0  startup_lpc17xx.o(.text)
    SSP0_IRQHandler                          0x0000031b   Thumb Code     0  startup_lpc17xx.o(.text)
    TIMER0_IRQHandler                        0x0000031b   Thumb Code     0  startup_lpc17xx.o(.text)
    TIMER1_IRQHandler                        0x0000031b   Thumb Code     0  startup_lpc17xx.o(.text)
    TIMER2_IRQHandler                        0x0000031b   Thumb Code     0  startup_lpc17xx.o(.text)
    TIMER3_IRQHandler                        0x0000031b   Thumb Code     0  startup_lpc17xx.o(.text)
    UART0_IRQHandler                         0x0000031b   Thumb Code     0  startup_lpc17xx.o(.text)
    UART2_IRQHandler                         0x0000031b   Thumb Code     0  startup_lpc17xx.o(.text)
    UART3_IRQHandler                         0x0000031b   Thumb Code     0  startup_lpc17xx.o(.text)
    USBActivity_IRQHandler                   0x0000031b   Thumb Code     0  startup_lpc17xx.o(.text)
    USB_IRQHandler                           0x0000031b   Thumb Code     0  startup_lpc17xx.o(.text)
    WDT_IRQHandler                           0x0000031b   Thumb Code     0  startup_lpc17xx.o(.text)
    __user_initial_stackheap                 0x0000031d   Thumb Code     0  startup_lpc17xx.o(.text)
    __aeabi_uldivmod                         0x0000033d   Thumb Code     0  lludivv7m.o(.text)
    _ll_udiv                                 0x0000033d   Thumb Code   238  lludivv7m.o(.text)
    _printf_pre_padding                      0x0000042b   Thumb Code    44  _printf_pad.o(.text)
    _printf_post_padding                     0x00000457   Thumb Code    34  _printf_pad.o(.text)
    _printf_int_dec                          0x00000479   Thumb Code   104  _printf_dec.o(.text)
    __RL_RTX_VER                             0x00000482   Number         0  rt_system.o ABSOLUTE
    __printf                                 0x000004f1   Thumb Code   308  __printf_flags_wp.o(.text)
    exit                                     0x00000629   Thumb Code    18  exit.o(.text)
    __aeabi_memclr4                          0x0000063b   Thumb Code     0  rt_memclr_w.o(.text)
    __aeabi_memclr8                          0x0000063b   Thumb Code     0  rt_memclr_w.o(.text)
    __rt_memclr_w                            0x0000063b   Thumb Code    78  rt_memclr_w.o(.text)
    _memset_w                                0x0000063f   Thumb Code     0  rt_memclr_w.o(.text)
    _printf_int_common                       0x00000689   Thumb Code   178  _printf_intcommon.o(.text)
    _printf_char_common                      0x00000747   Thumb Code    32  _printf_char_common.o(.text)
    _sputc                                   0x0000076d   Thumb Code    10  _sputc.o(.text)
    _sys_exit                                0x00000779   Thumb Code     8  sys_exit.o(.text)
    __user_setup_stackheap                   0x00000785   Thumb Code    74  sys_stackheap_outer.o(.text)
    __semihosting_library_function           0x000007cf   Thumb Code     0  indicate_semi.o(.text)
    SVC_Count                                0x000007d0   Data           4  svc_table.o(SVC_TABLE)
    SVC_Table                                0x000007d4   Data           0  svc_table.o(SVC_TABLE)
    DMA_IRQHandler                           0x000007f5   Thumb Code   372  gpdma_lpc17xx.o(i.DMA_IRQHandler)
    GLCD_ClearScreen                         0x00000975   Thumb Code    44  glcd_mcb1700.o(i.GLCD_ClearScreen)
    GLCD_DrawChar                            0x000009a5   Thumb Code   194  glcd_mcb1700.o(i.GLCD_DrawChar)
    GLCD_DrawString                          0x00000a75   Thumb Code    38  glcd_mcb1700.o(i.GLCD_DrawString)
    GLCD_Initialize                          0x00000aa1   Thumb Code  1462  glcd_mcb1700.o(i.GLCD_Initialize)
    GLCD_SetFont                             0x00001059   Thumb Code    10  glcd_mcb1700.o(i.GLCD_SetFont)
    GLCD_SetWindow                           0x00001069   Thumb Code   168  glcd_mcb1700.o(i.GLCD_SetWindow)
    GLCD_WindowMax                           0x00001115   Thumb Code    18  glcd_mcb1700.o(i.GLCD_WindowMax)
    GPDMA_ChannelConfigure                   0x00001129   Thumb Code   232  gpdma_lpc17xx.o(i.GPDMA_ChannelConfigure)
    GPDMA_ChannelDisable                     0x0000121d   Thumb Code    44  gpdma_lpc17xx.o(i.GPDMA_ChannelDisable)
    GPDMA_ChannelGetCount                    0x0000124d   Thumb Code    38  gpdma_lpc17xx.o(i.GPDMA_ChannelGetCount)
    GPDMA_Initialize                         0x0000127d   Thumb Code   146  gpdma_lpc17xx.o(i.GPDMA_Initialize)
    GPDMA_PeripheralSelect                   0x00001325   Thumb Code    62  gpdma_lpc17xx.o(i.GPDMA_PeripheralSelect)
    GPDMA_Uninitialize                       0x00001369   Thumb Code   116  gpdma_lpc17xx.o(i.GPDMA_Uninitialize)
    GPIO_PinRead                             0x000013e9   Thumb Code    28  gpio_lpc17xx.o(i.GPIO_PinRead)
    GPIO_PinWrite                            0x00001409   Thumb Code    36  gpio_lpc17xx.o(i.GPIO_PinWrite)
    GPIO_PortClock                           0x00001431   Thumb Code    38  gpio_lpc17xx.o(i.GPIO_PortClock)
    GPIO_SetDir                              0x0000145d   Thumb Code    52  gpio_lpc17xx.o(i.GPIO_SetDir)
    I2C0_IRQHandler                          0x00001595   Thumb Code    10  i2c_lpc17xx.o(i.I2C0_IRQHandler)
    Init_I2C                                 0x00002019   Thumb Code    40  main.o(i.Init_I2C)
    Init_UART                                0x00002045   Thumb Code    52  main.o(i.Init_UART)
    LED_Initialize                           0x0000207d   Thumb Code    88  led_mcb1700.o(i.LED_Initialize)
    NunChuck_phase1_init                     0x000020d9   Thumb Code    36  main.o(i.NunChuck_phase1_init)
    NunChuck_translate_data                  0x000020fd   Thumb Code   134  main.o(i.NunChuck_translate_data)
    PIN_Configure                            0x0000218d   Thumb Code   246  pin_lpc17xx.o(i.PIN_Configure)
    PIN_ConfigureI2C0Pins                    0x00002289   Thumb Code    28  pin_lpc17xx.o(i.PIN_ConfigureI2C0Pins)
    SSP1_GPDMA_Rx_SignalEvent                0x000022c1   Thumb Code    14  ssp_lpc17xx.o(i.SSP1_GPDMA_Rx_SignalEvent)
    SSP1_GPDMA_Tx_SignalEvent                0x000022d5   Thumb Code    14  ssp_lpc17xx.o(i.SSP1_GPDMA_Tx_SignalEvent)
    SSP1_IRQHandler                          0x00002309   Thumb Code    10  ssp_lpc17xx.o(i.SSP1_IRQHandler)
    SSPx_GPDMA_Rx_SignalEvent                0x000028d7   Thumb Code    54  ssp_lpc17xx.o(i.SSPx_GPDMA_Rx_SignalEvent)
    SSPx_GPDMA_Tx_SignalEvent                0x0000290d   Thumb Code    28  ssp_lpc17xx.o(i.SSPx_GPDMA_Tx_SignalEvent)
    SystemInit                               0x000031bd   Thumb Code   302  system_lpc17xx.o(i.SystemInit)
    Thread_Affichage                         0x000032fd   Thumb Code    64  main.o(i.Thread_Affichage)
    Thread_Envoie_BT                         0x00003349   Thumb Code     4  main.o(i.Thread_Envoie_BT)
    Thread_Nunchunk                          0x0000334d   Thumb Code    40  main.o(i.Thread_Nunchunk)
    UART1_IRQHandler                         0x00003379   Thumb Code    10  uart_lpc17xx.o(i.UART1_IRQHandler)
    USART1_GPDMA_Rx_Event                    0x000033a1   Thumb Code    14  uart_lpc17xx.o(i.USART1_GPDMA_Rx_Event)
    USART1_GPDMA_Tx_Event                    0x000033b5   Thumb Code    14  uart_lpc17xx.o(i.USART1_GPDMA_Tx_Event)
    USART_SetBaudrate                        0x000046a1   Thumb Code   302  uart_lpc17xx.o(i.USART_SetBaudrate)
    _init_box                                0x00004aa7   Thumb Code    70  rt_membox.o(i._init_box)
    _is_digit                                0x00004aed   Thumb Code    14  __printf_wp.o(i._is_digit)
    _mutex_acquire                           0x00004afd   Thumb Code    22  rtx_conf_cm.o(i._mutex_acquire)
    _mutex_release                           0x00004b1d   Thumb Code    18  rtx_conf_cm.o(i._mutex_release)
    dbg_init                                 0x00004b39   Thumb Code    34  hal_cm.o(i.dbg_init)
    dbg_task_notify                          0x00004b69   Thumb Code    32  hal_cm.o(i.dbg_task_notify)
    dbg_task_switch                          0x00004b89   Thumb Code    16  hal_cm.o(i.dbg_task_switch)
    isrMessageGet                            0x00004bc5   Thumb Code    42  rt_cmsis.o(i.isrMessageGet)
    isrMessagePut                            0x00004bef   Thumb Code    44  rt_cmsis.o(i.isrMessagePut)
    isr_mbx_receive                          0x00004c1d   Thumb Code    86  rt_mailbox.o(i.isr_mbx_receive)
    isr_mbx_send                             0x00004c73   Thumb Code    14  rt_mailbox.o(i.isr_mbx_send)
    main                                     0x00004c81   Thumb Code   240  main.o(i.main)
    osDelay                                  0x00004df9   Thumb Code    18  rt_cmsis.o(i.osDelay)
    osKernelInitialize                       0x00004e11   Thumb Code    30  rt_cmsis.o(i.osKernelInitialize)
    osKernelStart                            0x00004e35   Thumb Code    98  rt_cmsis.o(i.osKernelStart)
    osMailAlloc                              0x00004ea1   Thumb Code    22  rt_cmsis.o(i.osMailAlloc)
    osMailCreate                             0x00004ebd   Thumb Code    36  rt_cmsis.o(i.osMailCreate)
    osMailFree                               0x00004ee9   Thumb Code    22  rt_cmsis.o(i.osMailFree)
    osMailGet                                0x00004f05   Thumb Code    22  rt_cmsis.o(i.osMailGet)
    osMailPut                                0x00004f1b   Thumb Code    20  rt_cmsis.o(i.osMailPut)
    osMessageGet                             0x00004f31   Thumb Code    18  rt_cmsis.o(i.osMessageGet)
    osMessagePut                             0x00004f49   Thumb Code    18  rt_cmsis.o(i.osMessagePut)
    osMutexCreate                            0x00004f61   Thumb Code    36  rt_cmsis.o(i.osMutexCreate)
    osThreadCreate                           0x00004f8d   Thumb Code    36  rt_cmsis.o(i.osThreadCreate)
    osThreadExit                             0x00004fb9   Thumb Code    14  rt_cmsis.o(i.osThreadExit)
    osTimerCall                              0x00004fd1   Thumb Code     8  rt_cmsis.o(i.osTimerCall)
    osTimerThread                            0x00004fdd   Thumb Code    38  rt_cmsis.o(i.osTimerThread)
    os_error                                 0x00005009   Thumb Code    34  rtx_conf_cm.o(i.os_error)
    os_idle_demon                            0x0000502b   Thumb Code     4  rtx_conf_cm.o(i.os_idle_demon)
    os_tick_init                             0x00005031   Thumb Code    32  rt_system.o(i.os_tick_init)
    os_tick_irqack                           0x00005059   Thumb Code     2  rt_system.o(i.os_tick_irqack)
    read6byte                                0x00005179   Thumb Code    46  main.o(i.read6byte)
    rt_alloc_box                             0x000051b1   Thumb Code    26  rt_membox.o(i.rt_alloc_box)
    rt_alloc_mem                             0x000051cb   Thumb Code    62  rt_memory.o(i.rt_alloc_mem)
    rt_block                                 0x00005209   Thumb Code    48  rt_task.o(i.rt_block)
    rt_chk_robin                             0x00005241   Thumb Code    60  rt_robin.o(i.rt_chk_robin)
    rt_dec_dly                               0x00005289   Thumb Code   102  rt_list.o(i.rt_dec_dly)
    rt_dispatch                              0x000052f9   Thumb Code    60  rt_task.o(i.rt_dispatch)
    rt_dly_wait                              0x0000533d   Thumb Code     6  rt_time.o(i.rt_dly_wait)
    rt_evt_psh                               0x00005345   Thumb Code    76  rt_event.o(i.rt_evt_psh)
    rt_free_box                              0x00005395   Thumb Code    44  rt_membox.o(i.rt_free_box)
    rt_free_mem                              0x000053c1   Thumb Code    40  rt_memory.o(i.rt_free_mem)
    rt_get_first                             0x000053e9   Thumb Code    40  rt_list.o(i.rt_get_first)
    rt_init_mem                              0x00005461   Thumb Code    26  rt_memory.o(i.rt_init_mem)
    rt_init_robin                            0x0000547d   Thumb Code    14  rt_robin.o(i.rt_init_robin)
    rt_init_stack                            0x00005495   Thumb Code   118  hal_cm.o(i.rt_init_stack)
    rt_mbx_check                             0x00005515   Thumb Code     8  rt_mailbox.o(i.rt_mbx_check)
    rt_mbx_init                              0x0000551d   Thumb Code    26  rt_mailbox.o(i.rt_mbx_init)
    rt_mbx_psh                               0x00005539   Thumb Code   236  rt_mailbox.o(i.rt_mbx_psh)
    rt_mbx_send                              0x00005629   Thumb Code   148  rt_mailbox.o(i.rt_mbx_send)
    rt_mbx_wait                              0x000056c1   Thumb Code   174  rt_mailbox.o(i.rt_mbx_wait)
    rt_mut_init                              0x000057b9   Thumb Code    16  rt_mutex.o(i.rt_mut_init)
    rt_mut_release                           0x000057c9   Thumb Code   208  rt_mutex.o(i.rt_mut_release)
    rt_mut_wait                              0x000058a1   Thumb Code   114  rt_mutex.o(i.rt_mut_wait)
    rt_pop_req                               0x00005919   Thumb Code   112  rt_system.o(i.rt_pop_req)
    rt_psh_req                               0x00005995   Thumb Code    22  rt_system.o(i.rt_psh_req)
    rt_psq_enq                               0x000059b5   Thumb Code    88  rt_list.o(i.rt_psq_enq)
    rt_put_dly                               0x00005a11   Thumb Code    68  rt_list.o(i.rt_put_dly)
    rt_put_prio                              0x00005a59   Thumb Code    54  rt_list.o(i.rt_put_prio)
    rt_put_rdy_first                         0x00005a91   Thumb Code    14  rt_list.o(i.rt_put_rdy_first)
    rt_resort_prio                           0x00005aa5   Thumb Code    46  rt_list.o(i.rt_resort_prio)
    rt_ret_val                               0x00005ad9   Thumb Code     6  hal_cm.o(i.rt_ret_val)
    rt_ret_val2                              0x00005adf   Thumb Code     8  hal_cm.o(i.rt_ret_val2)
    rt_rmv_dly                               0x00005ae7   Thumb Code    40  rt_list.o(i.rt_rmv_dly)
    rt_rmv_list                              0x00005b11   Thumb Code    44  rt_list.o(i.rt_rmv_list)
    rt_sem_psh                               0x00005b41   Thumb Code    48  rt_semaphore.o(i.rt_sem_psh)
    rt_stk_check                             0x00005b75   Thumb Code    28  rt_system.o(i.rt_stk_check)
    rt_switch_req                            0x00005b99   Thumb Code    30  rt_task.o(i.rt_switch_req)
    rt_sys_init                              0x00005bc1   Thumb Code   138  rt_task.o(i.rt_sys_init)
    rt_sys_start                             0x00005c8d   Thumb Code   110  rt_task.o(i.rt_sys_start)
    rt_systick                               0x00005d05   Thumb Code    50  rt_system.o(i.rt_systick)
    rt_tsk_create                            0x00005d8d   Thumb Code   118  rt_task.o(i.rt_tsk_create)
    rt_tsk_delete                            0x00005e15   Thumb Code   352  rt_task.o(i.rt_tsk_delete)
    rt_tsk_prio                              0x00005f91   Thumb Code   108  rt_task.o(i.rt_tsk_prio)
    rt_tsk_self                              0x0000600d   Thumb Code    12  rt_task.o(i.rt_tsk_self)
    sendzero                                 0x0000601d   Thumb Code    42  main.o(i.sendzero)
    svcDelay                                 0x00006101   Thumb Code    18  rt_cmsis.o(i.svcDelay)
    svcKernelInitialize                      0x00006115   Thumb Code    80  rt_cmsis.o(i.svcKernelInitialize)
    svcKernelStart                           0x00006185   Thumb Code    62  rt_cmsis.o(i.svcKernelStart)
    svcMailCreate                            0x000061cd   Thumb Code    66  rt_cmsis.o(i.svcMailCreate)
    svcMessageCreate                         0x0000620f   Thumb Code    36  rt_cmsis.o(i.svcMessageCreate)
    svcMessageGet                            0x00006233   Thumb Code    58  rt_cmsis.o(i.svcMessageGet)
    svcMessagePut                            0x0000626d   Thumb Code    54  rt_cmsis.o(i.svcMessagePut)
    svcMutexCreate                           0x000062a3   Thumb Code    28  rt_cmsis.o(i.svcMutexCreate)
    svcThreadCreate                          0x000062c1   Thumb Code    96  rt_cmsis.o(i.svcThreadCreate)
    svcThreadGetId                           0x0000632d   Thumb Code    22  rt_cmsis.o(i.svcThreadGetId)
    svcThreadTerminate                       0x00006349   Thumb Code    50  rt_cmsis.o(i.svcThreadTerminate)
    svcTimerCall                             0x00006381   Thumb Code    24  rt_cmsis.o(i.svcTimerCall)
    sysMailAlloc                             0x00006399   Thumb Code    84  rt_cmsis.o(i.sysMailAlloc)
    sysMailFree                              0x000063f1   Thumb Code    96  rt_cmsis.o(i.sysMailFree)
    sysTimerTick                             0x00006451   Thumb Code    84  rt_cmsis.o(i.sysTimerTick)
    write2byte                               0x000065e9   Thumb Code    54  main.o(i.write2byte)
    os_thread_def_Thread_Nunchunk            0x00006624   Data          16  main.o(.constdata)
    os_thread_def_Thread_Affichage           0x00006634   Data          16  main.o(.constdata)
    os_thread_def_Thread_Envoie_BT           0x00006644   Data          16  main.o(.constdata)
    os_mailQ_def_MailQueue                   0x00006654   Data          12  main.o(.constdata)
    os_mutex_def_SampleMutex                 0x00006660   Data           4  main.o(.constdata)
    GLCD_Font_6x8                            0x00007ee4   Data          16  glcd_fonts.o(.constdata)
    GLCD_Font_16x24                          0x00007ef4   Data          16  glcd_fonts.o(.constdata)
    LED_PIN                                  0x00007f04   Data          16  led_mcb1700.o(.constdata)
    os_maxtaskrun                            0x00007f14   Data           2  rtx_conf_cm.o(.constdata)
    os_stackinfo                             0x00007f18   Data           4  rtx_conf_cm.o(.constdata)
    os_rrobin                                0x00007f1c   Data           4  rtx_conf_cm.o(.constdata)
    os_tickfreq                              0x00007f20   Data           4  rtx_conf_cm.o(.constdata)
    os_tickus_i                              0x00007f24   Data           2  rtx_conf_cm.o(.constdata)
    os_tickus_f                              0x00007f26   Data           2  rtx_conf_cm.o(.constdata)
    os_trv                                   0x00007f28   Data           4  rtx_conf_cm.o(.constdata)
    os_flags                                 0x00007f2c   Data           1  rtx_conf_cm.o(.constdata)
    CMSIS_RTOS_API_Version                   0x00007f30   Data           4  rtx_conf_cm.o(.constdata)
    CMSIS_RTOS_RTX_Version                   0x00007f34   Data           4  rtx_conf_cm.o(.constdata)
    os_clockrate                             0x00007f38   Data           4  rtx_conf_cm.o(.constdata)
    os_timernum                              0x00007f3c   Data           4  rtx_conf_cm.o(.constdata)
    mp_tcb_size                              0x00007f40   Data           2  rtx_conf_cm.o(.constdata)
    mp_stk_size                              0x00007f44   Data           4  rtx_conf_cm.o(.constdata)
    os_stack_sz                              0x00007f48   Data           4  rtx_conf_cm.o(.constdata)
    os_fifo_size                             0x00007f4c   Data           1  rtx_conf_cm.o(.constdata)
    os_thread_def_osTimerThread              0x00007f50   Data          16  rtx_conf_cm.o(.constdata)
    os_messageQ_def_osTimerMessageQ          0x00007f60   Data           8  rtx_conf_cm.o(.constdata)
    mp_tmr_size                              0x00007f68   Data           2  rtx_conf_cm.o(.constdata)
    os_thread_def_main                       0x00007f6c   Data          16  rtx_conf_cm.o(.constdata)
    Driver_I2C0                              0x00007fb0   Data          48  i2c_lpc17xx.o(.constdata)
    Driver_SPI1                              0x00008030   Data          44  ssp_lpc17xx.o(.constdata)
    Driver_USART1                            0x000081f4   Data          56  uart_lpc17xx.o(.constdata)
    Region$$Table$$Base                      0x00008240   Number         0  anon$$obj.o(Region$$Table)
    Region$$Table$$Limit                     0x00008260   Number         0  anon$$obj.o(Region$$Table)
    tid_Thread_Nunchunk                      0x10000000   Data           4  main.o(.data)
    tid_Thread_Affichage                     0x10000004   Data           4  main.o(.data)
    tid_Thread_Envoie_BT                     0x10000008   Data           4  main.o(.data)
    qid_MailQueue                            0x1000000c   Data           4  main.o(.data)
    os_mailQ_p_MailQueue                     0x10000010   Data           8  main.o(.data)
    mid_Thread_Mutex                         0x10000018   Data           4  main.o(.data)
    tab_read                                 0x1000001c   Data           8  main.o(.data)
    osThreadId_osTimerThread                 0x1000003c   Data           4  rtx_conf_cm.o(.data)
    osMessageQId_osTimerMessageQ             0x10000040   Data           4  rtx_conf_cm.o(.data)
    os_tmr                                   0x10000044   Data           4  rtx_conf_cm.o(.data)
    m_tmr                                    0x10000048   Data           4  rtx_conf_cm.o(.data)
    I2C0_PIN                                 0x10000050   Data           4  i2c_lpc17xx.o(.data)
    SystemCoreClock                          0x10000070   Data           4  system_lpc17xx.o(.data)
    os_initialized                           0x10000074   Data           1  rt_cmsis.o(.data)
    os_running                               0x10000075   Data           1  rt_cmsis.o(.data)
    os_timer_head                            0x10000078   Data           4  rt_cmsis.o(.data)
    os_tsk                                   0x1000007c   Data           8  rt_task.o(.data)
    os_tick_irqn                             0x10000088   Data           4  rt_system.o(.data)
    os_time                                  0x1000008c   Data           4  rt_time.o(.data)
    os_robin                                 0x10000090   Data           8  rt_robin.o(.data)
    dbg_msg                                  0x10000098   Data           1  hal_cm.o(.data)
    os_mailQ_q_MailQueue                     0x1000009c   Data          80  main.o(.bss)
    os_mailQ_m_MailQueue                     0x100000ec   Data        2060  main.o(.bss)
    os_mutex_cb_SampleMutex                  0x100008f8   Data          16  main.o(.bss)
    mp_tcb                                   0x10000908   Data         376  rtx_conf_cm.o(.bss)
    mp_stk                                   0x10000a80   Data       12016  rtx_conf_cm.o(.bss)
    os_stack_mem                             0x10003970   Data        2232  rtx_conf_cm.o(.bss)
    os_fifo                                  0x10004228   Data         132  rtx_conf_cm.o(.bss)
    os_active_TCB                            0x100042ac   Data          28  rtx_conf_cm.o(.bss)
    os_messageQ_q_osTimerMessageQ            0x100042c8   Data          32  rtx_conf_cm.o(.bss)
    os_idle_TCB                              0x10004728   Data          52  rt_task.o(.bss)
    os_rdy                                   0x1000475c   Data          24  rt_list.o(.bss)
    os_dly                                   0x10004774   Data          24  rt_list.o(.bss)
    __libspace_start                         0x1000478c   Data          96  libspace.o(.bss)
    __temporary_stack_top$libspace           0x100047ec   Data           0  libspace.o(.bss)



==============================================================================

Memory Map of the image

  Image Entry point : 0x000000cd

  Load Region LR_IROM1 (Base: 0x00000000, Size: 0x000082fc, Max: 0x00080000, ABSOLUTE)

    Execution Region ER_IROM1 (Base: 0x00000000, Size: 0x00008260, Max: 0x00080000, ABSOLUTE)

    Base Addr    Size         Type   Attr      Idx    E Section Name        Object

    0x00000000   0x000000cc   Data   RO         1236    RESET               startup_lpc17xx.o
    0x000000cc   0x00000008   Code   RO         2533  * !!!main             c_w.l(__main.o)
    0x000000d4   0x00000034   Code   RO         2703    !!!scatter          c_w.l(__scatter.o)
    0x00000108   0x0000001a   Code   RO         2705    !!handler_copy      c_w.l(__scatter_copy.o)
    0x00000122   0x00000002   PAD
    0x00000124   0x0000001c   Code   RO         2707    !!handler_zi        c_w.l(__scatter_zi.o)
    0x00000140   0x00000000   Code   RO         2526    .ARM.Collect$$_printf_percent$$00000000  c_w.l(_printf_percent.o)
    0x00000140   0x00000006   Code   RO         2525    .ARM.Collect$$_printf_percent$$00000009  c_w.l(_printf_d.o)
    0x00000146   0x00000004   Code   RO         2548    .ARM.Collect$$_printf_percent$$00000017  c_w.l(_printf_percent_end.o)
    0x0000014a   0x00000002   Code   RO         2589    .ARM.Collect$$libinit$$00000000  c_w.l(libinit.o)
    0x0000014c   0x00000000   Code   RO         2601    .ARM.Collect$$libinit$$00000002  c_w.l(libinit2.o)
    0x0000014c   0x00000000   Code   RO         2603    .ARM.Collect$$libinit$$00000004  c_w.l(libinit2.o)
    0x0000014c   0x00000000   Code   RO         2606    .ARM.Collect$$libinit$$0000000A  c_w.l(libinit2.o)
    0x0000014c   0x00000000   Code   RO         2608    .ARM.Collect$$libinit$$0000000C  c_w.l(libinit2.o)
    0x0000014c   0x00000000   Code   RO         2610    .ARM.Collect$$libinit$$0000000E  c_w.l(libinit2.o)
    0x0000014c   0x00000000   Code   RO         2613    .ARM.Collect$$libinit$$00000011  c_w.l(libinit2.o)
    0x0000014c   0x00000000   Code   RO         2615    .ARM.Collect$$libinit$$00000013  c_w.l(libinit2.o)
    0x0000014c   0x00000000   Code   RO         2617    .ARM.Collect$$libinit$$00000015  c_w.l(libinit2.o)
    0x0000014c   0x00000000   Code   RO         2619    .ARM.Collect$$libinit$$00000017  c_w.l(libinit2.o)
    0x0000014c   0x00000000   Code   RO         2621    .ARM.Collect$$libinit$$00000019  c_w.l(libinit2.o)
    0x0000014c   0x00000000   Code   RO         2623    .ARM.Collect$$libinit$$0000001B  c_w.l(libinit2.o)
    0x0000014c   0x00000000   Code   RO         2625    .ARM.Collect$$libinit$$0000001D  c_w.l(libinit2.o)
    0x0000014c   0x00000000   Code   RO         2627    .ARM.Collect$$libinit$$0000001F  c_w.l(libinit2.o)
    0x0000014c   0x00000000   Code   RO         2629    .ARM.Collect$$libinit$$00000021  c_w.l(libinit2.o)
    0x0000014c   0x00000000   Code   RO         2631    .ARM.Collect$$libinit$$00000023  c_w.l(libinit2.o)
    0x0000014c   0x00000000   Code   RO         2633    .ARM.Collect$$libinit$$00000025  c_w.l(libinit2.o)
    0x0000014c   0x00000000   Code   RO         2637    .ARM.Collect$$libinit$$0000002C  c_w.l(libinit2.o)
    0x0000014c   0x00000000   Code   RO         2639    .ARM.Collect$$libinit$$0000002E  c_w.l(libinit2.o)
    0x0000014c   0x00000000   Code   RO         2641    .ARM.Collect$$libinit$$00000030  c_w.l(libinit2.o)
    0x0000014c   0x00000000   Code   RO         2643    .ARM.Collect$$libinit$$00000032  c_w.l(libinit2.o)
    0x0000014c   0x00000002   Code   RO         2644    .ARM.Collect$$libinit$$00000033  c_w.l(libinit2.o)
    0x0000014e   0x00000002   Code   RO         2590    .ARM.Collect$$libshutdown$$00000000  c_w.l(libshutdown.o)
    0x00000150   0x00000000   Code   RO         2646    .ARM.Collect$$libshutdown$$00000002  c_w.l(libshutdown2.o)
    0x00000150   0x00000000   Code   RO         2648    .ARM.Collect$$libshutdown$$00000004  c_w.l(libshutdown2.o)
    0x00000150   0x00000000   Code   RO         2651    .ARM.Collect$$libshutdown$$00000007  c_w.l(libshutdown2.o)
    0x00000150   0x00000000   Code   RO         2654    .ARM.Collect$$libshutdown$$0000000A  c_w.l(libshutdown2.o)
    0x00000150   0x00000000   Code   RO         2656    .ARM.Collect$$libshutdown$$0000000C  c_w.l(libshutdown2.o)
    0x00000150   0x00000000   Code   RO         2659    .ARM.Collect$$libshutdown$$0000000F  c_w.l(libshutdown2.o)
    0x00000150   0x00000002   Code   RO         2660    .ARM.Collect$$libshutdown$$00000010  c_w.l(libshutdown2.o)
    0x00000152   0x00000000   Code   RO         2535    .ARM.Collect$$rtentry$$00000000  c_w.l(__rtentry.o)
    0x00000152   0x00000000   Code   RO         2550    .ARM.Collect$$rtentry$$00000002  c_w.l(__rtentry2.o)
    0x00000152   0x00000006   Code   RO         2562    .ARM.Collect$$rtentry$$00000004  c_w.l(__rtentry4.o)
    0x00000158   0x00000000   Code   RO         2552    .ARM.Collect$$rtentry$$00000009  c_w.l(__rtentry2.o)
    0x00000158   0x00000004   Code   RO         2553    .ARM.Collect$$rtentry$$0000000A  c_w.l(__rtentry2.o)
    0x0000015c   0x00000008   Code   RO         2554    .ARM.Collect$$rtentry$$0000000B  c_w.l(__rtentry2.o)
    0x00000164   0x00000008   Code   RO         2556    .ARM.Collect$$rtentry$$0000000D  c_w.l(__rtentry2.o)
    0x0000016c   0x00000002   Code   RO         2536    .ARM.Collect$$rtexit$$00000000  c_w.l(rtexit.o)
    0x0000016e   0x00000000   Code   RO         2565    .ARM.Collect$$rtexit$$00000002  c_w.l(rtexit2.o)
    0x0000016e   0x00000004   Code   RO         2566    .ARM.Collect$$rtexit$$00000003  c_w.l(rtexit2.o)
    0x00000172   0x00000006   Code   RO         2567    .ARM.Collect$$rtexit$$00000004  c_w.l(rtexit2.o)
    0x00000178   0x0000001c   Code   RO          410    .emb_text           rtx_conf_cm.o
    0x00000194   0x00000130   Code   RO         2475    .emb_text           RTX_CM3.lib(hal_cm3.o)
    0x000002c4   0x00000008   Code   RO         2490    .text               c_w.l(libspace.o)
    0x000002cc   0x00000028   Code   RO         2497    .text               c_w.l(noretval__2sprintf.o)
    0x000002f4   0x00000006   Code   RO         2531    .text               c_w.l(heapauxi.o)
    0x000002fa   0x00000002   Code   RO         2591    .text               c_w.l(use_no_semi.o)
    0x000002fc   0x00000004   Code   RO         1237    .ARM.__at_0x02FC    startup_lpc17xx.o
    0x00000300   0x0000003c   Code   RO         1238    .text               startup_lpc17xx.o
    0x0000033c   0x000000ee   Code   RO         2493    .text               c_w.l(lludivv7m.o)
    0x0000042a   0x0000004e   Code   RO         2501    .text               c_w.l(_printf_pad.o)
    0x00000478   0x00000078   Code   RO         2503    .text               c_w.l(_printf_dec.o)
    0x000004f0   0x00000138   Code   RO         2517    .text               c_w.l(__printf_flags_wp.o)
    0x00000628   0x00000012   Code   RO         2527    .text               c_w.l(exit.o)
    0x0000063a   0x0000004e   Code   RO         2529    .text               c_w.l(rt_memclr_w.o)
    0x00000688   0x000000b2   Code   RO         2542    .text               c_w.l(_printf_intcommon.o)
    0x0000073a   0x00000002   PAD
    0x0000073c   0x00000030   Code   RO         2544    .text               c_w.l(_printf_char_common.o)
    0x0000076c   0x0000000a   Code   RO         2546    .text               c_w.l(_sputc.o)
    0x00000776   0x00000002   PAD
    0x00000778   0x0000000c   Code   RO         2575    .text               c_w.l(sys_exit.o)
    0x00000784   0x0000004a   Code   RO         2577    .text               c_w.l(sys_stackheap_outer.o)
    0x000007ce   0x00000000   Code   RO         2593    .text               c_w.l(indicate_semi.o)
    0x000007ce   0x00000002   PAD
    0x000007d0   0x00000004   Code   RO         2485    SVC_TABLE           RTX_CM3.lib(svc_table.o)
    0x000007d4   0x00000020   Code   RO         1057    i.Clear_Channel_active_flag  gpdma_lpc17xx.o
    0x000007f4   0x00000180   Code   RO         1058    i.DMA_IRQHandler    gpdma_lpc17xx.o
    0x00000974   0x00000030   Code   RO          164    i.GLCD_ClearScreen  glcd_mcb1700.o
    0x000009a4   0x000000d0   Code   RO          167    i.GLCD_DrawChar     glcd_mcb1700.o
    0x00000a74   0x0000002c   Code   RO          171    i.GLCD_DrawString   glcd_mcb1700.o
    0x00000aa0   0x000005b6   Code   RO          175    i.GLCD_Initialize   glcd_mcb1700.o
    0x00001056   0x00000002   PAD
    0x00001058   0x00000010   Code   RO          177    i.GLCD_SetFont      glcd_mcb1700.o
    0x00001068   0x000000ac   Code   RO          179    i.GLCD_SetWindow    glcd_mcb1700.o
    0x00001114   0x00000012   Code   RO          182    i.GLCD_WindowMax    glcd_mcb1700.o
    0x00001126   0x00000002   PAD
    0x00001128   0x000000f4   Code   RO         1059    i.GPDMA_ChannelConfigure  gpdma_lpc17xx.o
    0x0000121c   0x00000030   Code   RO         1060    i.GPDMA_ChannelDisable  gpdma_lpc17xx.o
    0x0000124c   0x00000030   Code   RO         1062    i.GPDMA_ChannelGetCount  gpdma_lpc17xx.o
    0x0000127c   0x000000a8   Code   RO         1064    i.GPDMA_Initialize  gpdma_lpc17xx.o
    0x00001324   0x00000044   Code   RO         1065    i.GPDMA_PeripheralSelect  gpdma_lpc17xx.o
    0x00001368   0x00000080   Code   RO         1066    i.GPDMA_Uninitialize  gpdma_lpc17xx.o
    0x000013e8   0x00000020   Code   RO         1147    i.GPIO_PinRead      gpio_lpc17xx.o
    0x00001408   0x00000028   Code   RO         1148    i.GPIO_PinWrite     gpio_lpc17xx.o
    0x00001430   0x0000002c   Code   RO         1149    i.GPIO_PortClock    gpio_lpc17xx.o
    0x0000145c   0x00000038   Code   RO         1152    i.GPIO_SetDir       gpio_lpc17xx.o
    0x00001494   0x00000040   Code   RO          471    i.GetI2CClockFreq   i2c_lpc17xx.o
    0x000014d4   0x00000044   Code   RO          664    i.GetSSPClockFreq   ssp_lpc17xx.o
    0x00001518   0x00000044   Code   RO          842    i.GetUsartClockFreq  uart_lpc17xx.o
    0x0000155c   0x00000018   Code   RO          472    i.I2C0_Control      i2c_lpc17xx.o
    0x00001574   0x00000010   Code   RO          473    i.I2C0_GetDataCount  i2c_lpc17xx.o
    0x00001584   0x00000010   Code   RO          474    i.I2C0_GetStatus    i2c_lpc17xx.o
    0x00001594   0x00000010   Code   RO          475    i.I2C0_IRQHandler   i2c_lpc17xx.o
    0x000015a4   0x00000014   Code   RO          476    i.I2C0_Initialize   i2c_lpc17xx.o
    0x000015b8   0x00000020   Code   RO          477    i.I2C0_MasterReceive  i2c_lpc17xx.o
    0x000015d8   0x00000020   Code   RO          478    i.I2C0_MasterTransmit  i2c_lpc17xx.o
    0x000015f8   0x00000014   Code   RO          479    i.I2C0_PowerControl  i2c_lpc17xx.o
    0x0000160c   0x00000018   Code   RO          480    i.I2C0_SlaveReceive  i2c_lpc17xx.o
    0x00001624   0x00000018   Code   RO          481    i.I2C0_SlaveTransmit  i2c_lpc17xx.o
    0x0000163c   0x00000010   Code   RO          482    i.I2C0_Uninitialize  i2c_lpc17xx.o
    0x0000164c   0x0000000c   Code   RO          483    i.I2C_GetCapabilities  i2c_lpc17xx.o
    0x00001658   0x00000010   Code   RO          484    i.I2C_GetVersion    i2c_lpc17xx.o
    0x00001668   0x0000018c   Code   RO          485    i.I2Cx_Control      i2c_lpc17xx.o
    0x000017f4   0x00000008   Code   RO          486    i.I2Cx_GetDataCount  i2c_lpc17xx.o
    0x000017fc   0x00000008   Code   RO          487    i.I2Cx_GetStatus    i2c_lpc17xx.o
    0x00001804   0x00000030   Code   RO          488    i.I2Cx_IRQHandler   i2c_lpc17xx.o
    0x00001834   0x0000004e   Code   RO          489    i.I2Cx_Initialize   i2c_lpc17xx.o
    0x00001882   0x000001ce   Code   RO          490    i.I2Cx_MasterHandler  i2c_lpc17xx.o
    0x00001a50   0x000000ce   Code   RO          491    i.I2Cx_MasterReceive  i2c_lpc17xx.o
    0x00001b1e   0x000000cc   Code   RO          492    i.I2Cx_MasterTransmit  i2c_lpc17xx.o
    0x00001bea   0x00000140   Code   RO          493    i.I2Cx_PowerControl  i2c_lpc17xx.o
    0x00001d2a   0x000001d4   Code   RO          494    i.I2Cx_SlaveHandler  i2c_lpc17xx.o
    0x00001efe   0x00000074   Code   RO          495    i.I2Cx_SlaveReceive  i2c_lpc17xx.o
    0x00001f72   0x00000074   Code   RO          496    i.I2Cx_SlaveTransmit  i2c_lpc17xx.o
    0x00001fe6   0x00000030   Code   RO          497    i.I2Cx_Uninitialize  i2c_lpc17xx.o
    0x00002016   0x00000002   PAD
    0x00002018   0x0000002c   Code   RO            4    i.Init_I2C          main.o
    0x00002044   0x00000038   Code   RO            5    i.Init_UART         main.o
    0x0000207c   0x0000005c   Code   RO          366    i.LED_Initialize    led_mcb1700.o
    0x000020d8   0x00000024   Code   RO            6    i.NunChuck_phase1_init  main.o
    0x000020fc   0x00000090   Code   RO            7    i.NunChuck_translate_data  main.o
    0x0000218c   0x000000fc   Code   RO         1201    i.PIN_Configure     pin_lpc17xx.o
    0x00002288   0x00000020   Code   RO         1202    i.PIN_ConfigureI2C0Pins  pin_lpc17xx.o
    0x000022a8   0x00000018   Code   RO          665    i.SSP1_Control      ssp_lpc17xx.o
    0x000022c0   0x00000014   Code   RO          666    i.SSP1_GPDMA_Rx_SignalEvent  ssp_lpc17xx.o
    0x000022d4   0x00000014   Code   RO          667    i.SSP1_GPDMA_Tx_SignalEvent  ssp_lpc17xx.o
    0x000022e8   0x00000010   Code   RO          668    i.SSP1_GetDataCount  ssp_lpc17xx.o
    0x000022f8   0x00000010   Code   RO          669    i.SSP1_GetStatus    ssp_lpc17xx.o
    0x00002308   0x00000010   Code   RO          670    i.SSP1_IRQHandler   ssp_lpc17xx.o
    0x00002318   0x00000014   Code   RO          671    i.SSP1_Initialize   ssp_lpc17xx.o
    0x0000232c   0x00000014   Code   RO          672    i.SSP1_PowerControl  ssp_lpc17xx.o
    0x00002340   0x00000018   Code   RO          673    i.SSP1_Receive      ssp_lpc17xx.o
    0x00002358   0x00000018   Code   RO          674    i.SSP1_Send         ssp_lpc17xx.o
    0x00002370   0x0000001c   Code   RO          675    i.SSP1_Transfer     ssp_lpc17xx.o
    0x0000238c   0x00000010   Code   RO          676    i.SSP1_Uninitialize  ssp_lpc17xx.o
    0x0000239c   0x0000000c   Code   RO          677    i.SSP_GetCapabilities  ssp_lpc17xx.o
    0x000023a8   0x00000010   Code   RO          678    i.SSP_GetVersion    ssp_lpc17xx.o
    0x000023b8   0x0000051e   Code   RO          679    i.SSPx_Control      ssp_lpc17xx.o
    0x000028d6   0x00000036   Code   RO          680    i.SSPx_GPDMA_Rx_SignalEvent  ssp_lpc17xx.o
    0x0000290c   0x0000001c   Code   RO          681    i.SSPx_GPDMA_Tx_SignalEvent  ssp_lpc17xx.o
    0x00002928   0x0000002c   Code   RO          682    i.SSPx_GetDataCount  ssp_lpc17xx.o
    0x00002954   0x0000005a   Code   RO          683    i.SSPx_GetStatus    ssp_lpc17xx.o
    0x000029ae   0x00000104   Code   RO          684    i.SSPx_IRQHandler   ssp_lpc17xx.o
    0x00002ab2   0x000000a8   Code   RO          685    i.SSPx_Initialize   ssp_lpc17xx.o
    0x00002b5a   0x00000002   PAD
    0x00002b5c   0x000001b4   Code   RO          686    i.SSPx_PowerControl  ssp_lpc17xx.o
    0x00002d10   0x0000015c   Code   RO          687    i.SSPx_Receive      ssp_lpc17xx.o
    0x00002e6c   0x00000154   Code   RO          688    i.SSPx_Send         ssp_lpc17xx.o
    0x00002fc0   0x00000152   Code   RO          689    i.SSPx_Transfer     ssp_lpc17xx.o
    0x00003112   0x00000070   Code   RO          690    i.SSPx_Uninitialize  ssp_lpc17xx.o
    0x00003182   0x00000002   PAD
    0x00003184   0x00000038   Code   RO         1067    i.Set_Channel_active_flag  gpdma_lpc17xx.o
    0x000031bc   0x00000140   Code   RO         1248    i.SystemInit        system_lpc17xx.o
    0x000032fc   0x0000004c   Code   RO            8    i.Thread_Affichage  main.o
    0x00003348   0x00000004   Code   RO            9    i.Thread_Envoie_BT  main.o
    0x0000334c   0x0000002c   Code   RO           10    i.Thread_Nunchunk   main.o
    0x00003378   0x00000010   Code   RO          843    i.UART1_IRQHandler  uart_lpc17xx.o
    0x00003388   0x00000018   Code   RO          844    i.USART1_Control    uart_lpc17xx.o
    0x000033a0   0x00000014   Code   RO          845    i.USART1_GPDMA_Rx_Event  uart_lpc17xx.o
    0x000033b4   0x00000014   Code   RO          846    i.USART1_GPDMA_Tx_Event  uart_lpc17xx.o
    0x000033c8   0x00000010   Code   RO          847    i.USART1_GetCapabilities  uart_lpc17xx.o
    0x000033d8   0x00000010   Code   RO          848    i.USART1_GetModemStatus  uart_lpc17xx.o
    0x000033e8   0x00000010   Code   RO          849    i.USART1_GetRxCount  uart_lpc17xx.o
    0x000033f8   0x00000010   Code   RO          850    i.USART1_GetStatus  uart_lpc17xx.o
    0x00003408   0x00000010   Code   RO          851    i.USART1_GetTxCount  uart_lpc17xx.o
    0x00003418   0x00000014   Code   RO          852    i.USART1_Initialize  uart_lpc17xx.o
    0x0000342c   0x00000014   Code   RO          853    i.USART1_PowerControl  uart_lpc17xx.o
    0x00003440   0x00000018   Code   RO          854    i.USART1_Receive    uart_lpc17xx.o
    0x00003458   0x00000018   Code   RO          855    i.USART1_Send       uart_lpc17xx.o
    0x00003470   0x00000014   Code   RO          856    i.USART1_SetModemControl  uart_lpc17xx.o
    0x00003484   0x0000001c   Code   RO          857    i.USART1_Transfer   uart_lpc17xx.o
    0x000034a0   0x00000010   Code   RO          858    i.USART1_Uninitialize  uart_lpc17xx.o
    0x000034b0   0x00000670   Code   RO          859    i.USART_Control     uart_lpc17xx.o
    0x00003b20   0x00000086   Code   RO          860    i.USART_GPDMA_Rx_Event  uart_lpc17xx.o
    0x00003ba6   0x0000004a   Code   RO          861    i.USART_GPDMA_Tx_Event  uart_lpc17xx.o
    0x00003bf0   0x00000006   Code   RO          862    i.USART_GetCapabilities  uart_lpc17xx.o
    0x00003bf6   0x000000ec   Code   RO          863    i.USART_GetModemStatus  uart_lpc17xx.o
    0x00003ce2   0x0000001c   Code   RO          864    i.USART_GetRxCount  uart_lpc17xx.o
    0x00003cfe   0x000000bc   Code   RO          865    i.USART_GetStatus   uart_lpc17xx.o
    0x00003dba   0x0000001c   Code   RO          866    i.USART_GetTxCount  uart_lpc17xx.o
    0x00003dd6   0x0000026c   Code   RO          867    i.USART_IRQHandler  uart_lpc17xx.o
    0x00004042   0x000000fe   Code   RO          868    i.USART_Initialize  uart_lpc17xx.o
    0x00004140   0x0000024c   Code   RO          869    i.USART_PowerControl  uart_lpc17xx.o
    0x0000438c   0x00000110   Code   RO          870    i.USART_Receive     uart_lpc17xx.o
    0x0000449c   0x00000068   Code   RO          871    i.USART_RxLineIntHandler  uart_lpc17xx.o
    0x00004504   0x0000019c   Code   RO          872    i.USART_Send        uart_lpc17xx.o
    0x000046a0   0x00000134   Code   RO          873    i.USART_SetBaudrate  uart_lpc17xx.o
    0x000047d4   0x000000a0   Code   RO          874    i.USART_SetModemControl  uart_lpc17xx.o
    0x00004874   0x0000007a   Code   RO          875    i.USART_Transfer    uart_lpc17xx.o
    0x000048ee   0x000000e2   Code   RO          876    i.USART_Uninitialize  uart_lpc17xx.o
    0x000049d0   0x00000010   Code   RO          877    i.USARTx_GetVersion  uart_lpc17xx.o
    0x000049e0   0x0000001c   Code   RO          498    i.__NVIC_ClearPendingIRQ  i2c_lpc17xx.o
    0x000049fc   0x0000001c   Code   RO          691    i.__NVIC_ClearPendingIRQ  ssp_lpc17xx.o
    0x00004a18   0x0000001c   Code   RO          878    i.__NVIC_ClearPendingIRQ  uart_lpc17xx.o
    0x00004a34   0x0000001c   Code   RO         1068    i.__NVIC_ClearPendingIRQ  gpdma_lpc17xx.o
    0x00004a50   0x0000003c   Code   RO          499    i.__NVIC_DisableIRQ  i2c_lpc17xx.o
    0x00004a8c   0x0000001a   Code   RO          500    i.__NVIC_EnableIRQ  i2c_lpc17xx.o
    0x00004aa6   0x00000046   Code   RO         2374    i._init_box         RTX_CM3.lib(rt_membox.o)
    0x00004aec   0x0000000e   Code   RO         2515    i._is_digit         c_w.l(__printf_wp.o)
    0x00004afa   0x00000002   PAD
    0x00004afc   0x00000020   Code   RO          412    i._mutex_acquire    rtx_conf_cm.o
    0x00004b1c   0x0000001c   Code   RO          414    i._mutex_release    rtx_conf_cm.o
    0x00004b38   0x00000030   Code   RO         2427    i.dbg_init          RTX_CM3.lib(hal_cm.o)
    0x00004b68   0x00000020   Code   RO         2428    i.dbg_task_notify   RTX_CM3.lib(hal_cm.o)
    0x00004b88   0x00000010   Code   RO         2429    i.dbg_task_switch   RTX_CM3.lib(hal_cm.o)
    0x00004b98   0x0000002c   Code   RO          183    i.delay_ms          glcd_mcb1700.o
    0x00004bc4   0x0000002a   Code   RO         1283    i.isrMessageGet     RTX_CM3.lib(rt_cmsis.o)
    0x00004bee   0x0000002c   Code   RO         1284    i.isrMessagePut     RTX_CM3.lib(rt_cmsis.o)
    0x00004c1a   0x00000002   PAD
    0x00004c1c   0x00000056   Code   RO         2229    i.isr_mbx_receive   RTX_CM3.lib(rt_mailbox.o)
    0x00004c72   0x0000000e   Code   RO         2230    i.isr_mbx_send      RTX_CM3.lib(rt_mailbox.o)
    0x00004c80   0x00000178   Code   RO           11    i.main              main.o
    0x00004df8   0x00000018   Code   RO         1287    i.osDelay           RTX_CM3.lib(rt_cmsis.o)
    0x00004e10   0x00000024   Code   RO         1288    i.osKernelInitialize  RTX_CM3.lib(rt_cmsis.o)
    0x00004e34   0x0000006c   Code   RO         1290    i.osKernelStart     RTX_CM3.lib(rt_cmsis.o)
    0x00004ea0   0x0000001c   Code   RO         1292    i.osMailAlloc       RTX_CM3.lib(rt_cmsis.o)
    0x00004ebc   0x0000002c   Code   RO         1294    i.osMailCreate      RTX_CM3.lib(rt_cmsis.o)
    0x00004ee8   0x0000001c   Code   RO         1295    i.osMailFree        RTX_CM3.lib(rt_cmsis.o)
    0x00004f04   0x00000016   Code   RO         1296    i.osMailGet         RTX_CM3.lib(rt_cmsis.o)
    0x00004f1a   0x00000014   Code   RO         1297    i.osMailPut         RTX_CM3.lib(rt_cmsis.o)
    0x00004f2e   0x00000002   PAD
    0x00004f30   0x00000018   Code   RO         1299    i.osMessageGet      RTX_CM3.lib(rt_cmsis.o)
    0x00004f48   0x00000018   Code   RO         1300    i.osMessagePut      RTX_CM3.lib(rt_cmsis.o)
    0x00004f60   0x0000002c   Code   RO         1301    i.osMutexCreate     RTX_CM3.lib(rt_cmsis.o)
    0x00004f8c   0x0000002c   Code   RO         1316    i.osThreadCreate    RTX_CM3.lib(rt_cmsis.o)
    0x00004fb8   0x00000018   Code   RO         1317    i.osThreadExit      RTX_CM3.lib(rt_cmsis.o)
    0x00004fd0   0x0000000c   Code   RO         1323    i.osTimerCall       RTX_CM3.lib(rt_cmsis.o)
    0x00004fdc   0x0000002c   Code   RO         1328    i.osTimerThread     RTX_CM3.lib(rt_cmsis.o)
    0x00005008   0x00000022   Code   RO          415    i.os_error          rtx_conf_cm.o
    0x0000502a   0x00000004   Code   RO          416    i.os_idle_demon     rtx_conf_cm.o
    0x0000502e   0x00000002   PAD
    0x00005030   0x00000028   Code   RO         2021    i.os_tick_init      RTX_CM3.lib(rt_system.o)
    0x00005058   0x00000002   Code   RO         2022    i.os_tick_irqack    RTX_CM3.lib(rt_system.o)
    0x0000505a   0x00000002   PAD
    0x0000505c   0x00000044   Code   RO          184    i.rd_dat            glcd_mcb1700.o
    0x000050a0   0x000000c8   Code   RO          185    i.rd_id_man         glcd_mcb1700.o
    0x00005168   0x00000010   Code   RO          186    i.rd_reg            glcd_mcb1700.o
    0x00005178   0x00000038   Code   RO           12    i.read6byte         main.o
    0x000051b0   0x0000001a   Code   RO         2375    i.rt_alloc_box      RTX_CM3.lib(rt_membox.o)
    0x000051ca   0x0000003e   Code   RO         2403    i.rt_alloc_mem      RTX_CM3.lib(rt_memory.o)
    0x00005208   0x00000038   Code   RO         1902    i.rt_block          RTX_CM3.lib(rt_task.o)
    0x00005240   0x00000048   Code   RO         2352    i.rt_chk_robin      RTX_CM3.lib(rt_robin.o)
    0x00005288   0x00000070   Code   RO         2153    i.rt_dec_dly        RTX_CM3.lib(rt_list.o)
    0x000052f8   0x00000044   Code   RO         1903    i.rt_dispatch       RTX_CM3.lib(rt_task.o)
    0x0000533c   0x00000006   Code   RO         2319    i.rt_dly_wait       RTX_CM3.lib(rt_time.o)
    0x00005342   0x00000002   PAD
    0x00005344   0x00000050   Code   RO         2114    i.rt_evt_psh        RTX_CM3.lib(rt_event.o)
    0x00005394   0x0000002c   Code   RO         2376    i.rt_free_box       RTX_CM3.lib(rt_membox.o)
    0x000053c0   0x00000028   Code   RO         2404    i.rt_free_mem       RTX_CM3.lib(rt_memory.o)
    0x000053e8   0x00000028   Code   RO         2154    i.rt_get_first      RTX_CM3.lib(rt_list.o)
    0x00005410   0x00000008   Code   RO         1333    i.rt_id2obj         RTX_CM3.lib(rt_cmsis.o)
    0x00005418   0x00000048   Code   RO         1904    i.rt_init_context   RTX_CM3.lib(rt_task.o)
    0x00005460   0x0000001a   Code   RO         2405    i.rt_init_mem       RTX_CM3.lib(rt_memory.o)
    0x0000547a   0x00000002   PAD
    0x0000547c   0x00000018   Code   RO         2353    i.rt_init_robin     RTX_CM3.lib(rt_robin.o)
    0x00005494   0x00000080   Code   RO         2430    i.rt_init_stack     RTX_CM3.lib(hal_cm.o)
    0x00005514   0x00000008   Code   RO         2231    i.rt_mbx_check      RTX_CM3.lib(rt_mailbox.o)
    0x0000551c   0x0000001a   Code   RO         2232    i.rt_mbx_init       RTX_CM3.lib(rt_mailbox.o)
    0x00005536   0x00000002   PAD
    0x00005538   0x000000f0   Code   RO         2233    i.rt_mbx_psh        RTX_CM3.lib(rt_mailbox.o)
    0x00005628   0x00000098   Code   RO         2234    i.rt_mbx_send       RTX_CM3.lib(rt_mailbox.o)
    0x000056c0   0x000000b4   Code   RO         2235    i.rt_mbx_wait       RTX_CM3.lib(rt_mailbox.o)
    0x00005774   0x00000044   Code   RO         1334    i.rt_ms2tick        RTX_CM3.lib(rt_cmsis.o)
    0x000057b8   0x00000010   Code   RO         1987    i.rt_mut_init       RTX_CM3.lib(rt_mutex.o)
    0x000057c8   0x000000d8   Code   RO         1988    i.rt_mut_release    RTX_CM3.lib(rt_mutex.o)
    0x000058a0   0x00000078   Code   RO         1989    i.rt_mut_wait       RTX_CM3.lib(rt_mutex.o)
    0x00005918   0x0000007c   Code   RO         2025    i.rt_pop_req        RTX_CM3.lib(rt_system.o)
    0x00005994   0x00000020   Code   RO         2026    i.rt_psh_req        RTX_CM3.lib(rt_system.o)
    0x000059b4   0x0000005c   Code   RO         2156    i.rt_psq_enq        RTX_CM3.lib(rt_list.o)
    0x00005a10   0x00000048   Code   RO         2157    i.rt_put_dly        RTX_CM3.lib(rt_list.o)
    0x00005a58   0x00000036   Code   RO         2158    i.rt_put_prio       RTX_CM3.lib(rt_list.o)
    0x00005a8e   0x00000002   PAD
    0x00005a90   0x00000014   Code   RO         2159    i.rt_put_rdy_first  RTX_CM3.lib(rt_list.o)
    0x00005aa4   0x00000034   Code   RO         2160    i.rt_resort_prio    RTX_CM3.lib(rt_list.o)
    0x00005ad8   0x00000006   Code   RO         2431    i.rt_ret_val        RTX_CM3.lib(hal_cm.o)
    0x00005ade   0x00000008   Code   RO         2432    i.rt_ret_val2       RTX_CM3.lib(hal_cm.o)
    0x00005ae6   0x00000028   Code   RO         2161    i.rt_rmv_dly        RTX_CM3.lib(rt_list.o)
    0x00005b0e   0x00000002   PAD
    0x00005b10   0x00000030   Code   RO         2162    i.rt_rmv_list       RTX_CM3.lib(rt_list.o)
    0x00005b40   0x00000034   Code   RO         2280    i.rt_sem_psh        RTX_CM3.lib(rt_semaphore.o)
    0x00005b74   0x00000024   Code   RO         2028    i.rt_stk_check      RTX_CM3.lib(rt_system.o)
    0x00005b98   0x00000028   Code   RO         1905    i.rt_switch_req     RTX_CM3.lib(rt_task.o)
    0x00005bc0   0x000000cc   Code   RO         1906    i.rt_sys_init       RTX_CM3.lib(rt_task.o)
    0x00005c8c   0x00000078   Code   RO         1907    i.rt_sys_start      RTX_CM3.lib(rt_task.o)
    0x00005d04   0x00000040   Code   RO         2030    i.rt_systick        RTX_CM3.lib(rt_system.o)
    0x00005d44   0x00000012   Code   RO         1335    i.rt_tid2ptcb       RTX_CM3.lib(rt_cmsis.o)
    0x00005d56   0x00000002   PAD
    0x00005d58   0x00000034   Code   RO         1336    i.rt_timer_insert   RTX_CM3.lib(rt_cmsis.o)
    0x00005d8c   0x00000088   Code   RO         1908    i.rt_tsk_create     RTX_CM3.lib(rt_task.o)
    0x00005e14   0x0000017c   Code   RO         1909    i.rt_tsk_delete     RTX_CM3.lib(rt_task.o)
    0x00005f90   0x0000007c   Code   RO         1911    i.rt_tsk_prio       RTX_CM3.lib(rt_task.o)
    0x0000600c   0x00000010   Code   RO         1912    i.rt_tsk_self       RTX_CM3.lib(rt_task.o)
    0x0000601c   0x00000030   Code   RO           13    i.sendzero          main.o
    0x0000604c   0x0000002c   Code   RO          187    i.spi_tran          glcd_mcb1700.o
    0x00006078   0x00000088   Code   RO          188    i.spi_tran_man      glcd_mcb1700.o
    0x00006100   0x00000012   Code   RO         1338    i.svcDelay          RTX_CM3.lib(rt_cmsis.o)
    0x00006112   0x00000002   PAD
    0x00006114   0x00000070   Code   RO         1339    i.svcKernelInitialize  RTX_CM3.lib(rt_cmsis.o)
    0x00006184   0x00000048   Code   RO         1341    i.svcKernelStart    RTX_CM3.lib(rt_cmsis.o)
    0x000061cc   0x00000042   Code   RO         1343    i.svcMailCreate     RTX_CM3.lib(rt_cmsis.o)
    0x0000620e   0x00000024   Code   RO         1344    i.svcMessageCreate  RTX_CM3.lib(rt_cmsis.o)
    0x00006232   0x0000003a   Code   RO         1345    i.svcMessageGet     RTX_CM3.lib(rt_cmsis.o)
    0x0000626c   0x00000036   Code   RO         1346    i.svcMessagePut     RTX_CM3.lib(rt_cmsis.o)
    0x000062a2   0x0000001c   Code   RO         1347    i.svcMutexCreate    RTX_CM3.lib(rt_cmsis.o)
    0x000062be   0x00000002   PAD
    0x000062c0   0x0000006c   Code   RO         1359    i.svcThreadCreate   RTX_CM3.lib(rt_cmsis.o)
    0x0000632c   0x0000001c   Code   RO         1360    i.svcThreadGetId    RTX_CM3.lib(rt_cmsis.o)
    0x00006348   0x00000038   Code   RO         1363    i.svcThreadTerminate  RTX_CM3.lib(rt_cmsis.o)
    0x00006380   0x00000018   Code   RO         1365    i.svcTimerCall      RTX_CM3.lib(rt_cmsis.o)
    0x00006398   0x00000058   Code   RO         1370    i.sysMailAlloc      RTX_CM3.lib(rt_cmsis.o)
    0x000063f0   0x00000060   Code   RO         1371    i.sysMailFree       RTX_CM3.lib(rt_cmsis.o)
    0x00006450   0x0000005c   Code   RO         1374    i.sysTimerTick      RTX_CM3.lib(rt_cmsis.o)
    0x000064ac   0x0000004c   Code   RO          189    i.wr_cmd            glcd_mcb1700.o
    0x000064f8   0x00000034   Code   RO          191    i.wr_dat_only       glcd_mcb1700.o
    0x0000652c   0x00000018   Code   RO          192    i.wr_dat_start      glcd_mcb1700.o
    0x00006544   0x00000014   Code   RO          193    i.wr_dat_stop       glcd_mcb1700.o
    0x00006558   0x00000090   Code   RO          194    i.wr_reg            glcd_mcb1700.o
    0x000065e8   0x0000003c   Code   RO           14    i.write2byte        main.o
    0x00006624   0x00000040   Data   RO           16    .constdata          main.o
    0x00006664   0x000018a0   Data   RO          152    .constdata          glcd_fonts.o
    0x00007f04   0x00000010   Data   RO          371    .constdata          led_mcb1700.o
    0x00007f14   0x00000068   Data   RO          418    .constdata          rtx_conf_cm.o
    0x00007f7c   0x00000064   Data   RO          502    .constdata          i2c_lpc17xx.o
    0x00007fe0   0x0000007c   Data   RO          693    .constdata          ssp_lpc17xx.o
    0x0000805c   0x000001d0   Data   RO          880    .constdata          uart_lpc17xx.o
    0x0000822c   0x00000011   Data   RO         2518    .constdata          c_w.l(__printf_flags_wp.o)
    0x0000823d   0x00000003   PAD
    0x00008240   0x00000020   Data   RO         2701    Region$$Table       anon$$obj.o


    Execution Region RW_IRAM1 (Base: 0x10000000, Size: 0x000049f0, Max: 0x00008000, ABSOLUTE)

    Base Addr    Size         Type   Attr      Idx    E Section Name        Object

    0x10000000   0x00000025   Data   RW           17    .data               main.o
    0x10000025   0x00000003   PAD
    0x10000028   0x00000011   Data   RW          195    .data               glcd_mcb1700.o
    0x10000039   0x00000003   PAD
    0x1000003c   0x00000014   Data   RW          419    .data               rtx_conf_cm.o
    0x10000050   0x00000004   Data   RW          503    .data               i2c_lpc17xx.o
    0x10000054   0x00000010   Data   RW          694    .data               ssp_lpc17xx.o
    0x10000064   0x00000004   Data   RW          881    .data               uart_lpc17xx.o
    0x10000068   0x00000008   Data   RW         1070    .data               gpdma_lpc17xx.o
    0x10000070   0x00000004   Data   RW         1249    .data               system_lpc17xx.o
    0x10000074   0x00000008   Data   RW         1377    .data               RTX_CM3.lib(rt_cmsis.o)
    0x1000007c   0x00000008   Data   RW         1914    .data               RTX_CM3.lib(rt_task.o)
    0x10000084   0x00000008   Data   RW         2033    .data               RTX_CM3.lib(rt_system.o)
    0x1000008c   0x00000004   Data   RW         2323    .data               RTX_CM3.lib(rt_time.o)
    0x10000090   0x00000008   Data   RW         2354    .data               RTX_CM3.lib(rt_robin.o)
    0x10000098   0x00000001   Data   RW         2433    .data               RTX_CM3.lib(hal_cm.o)
    0x10000099   0x00000003   PAD
    0x1000009c   0x0000086c   Zero   RW           15    .bss                main.o
    0x10000908   0x00003d00   Zero   RW          417    .bss                rtx_conf_cm.o
    0x10004608   0x00000024   Zero   RW          501    .bss                i2c_lpc17xx.o
    0x1000462c   0x00000028   Zero   RW          692    .bss                ssp_lpc17xx.o
    0x10004654   0x00000034   Zero   RW          879    .bss                uart_lpc17xx.o
    0x10004688   0x000000a0   Zero   RW         1069    .bss                gpdma_lpc17xx.o
    0x10004728   0x00000034   Zero   RW         1913    .bss                RTX_CM3.lib(rt_task.o)
    0x1000475c   0x00000030   Zero   RW         2163    .bss                RTX_CM3.lib(rt_list.o)
    0x1000478c   0x00000060   Zero   RW         2491    .bss                c_w.l(libspace.o)
    0x100047ec   0x00000004   PAD
    0x100047f0   0x00000000   Zero   RW         1235    HEAP                startup_lpc17xx.o
    0x100047f0   0x00000200   Zero   RW         1234    STACK               startup_lpc17xx.o


==============================================================================

Image component sizes


      Code (inc. data)   RO Data    RW Data    ZI Data      Debug   Object Name

         0          0       6304          0          0        736   glcd_fonts.o
      2792         98          0         17          0      17446   glcd_mcb1700.o
      1204         94          0          8        160       8062   gpdma_lpc17xx.o
       172         18          0          0          0       2294   gpio_lpc17xx.o
      2924        132        100          4         36      48276   i2c_lpc17xx.o
        92          4         16          0          0       1315   led_mcb1700.o
       944        192         64         37       2156      42330   main.o
       284         10          0          0          0       1464   pin_lpc17xx.o
       126         26        104         20      15616       9011   rtx_conf_cm.o
      3896        106        124         16         40      53263   ssp_lpc17xx.o
        64         26        204          0        512        988   startup_lpc17xx.o
       320         18          0          4          0        795   system_lpc17xx.o
      5832        152        464          4         52      32827   uart_lpc17xx.o

    ----------------------------------------------------------------------
     18662        876       7412        116      18572     218807   Object Totals
         0          0         32          0          0          0   (incl. Generated)
        12          0          0          6          0          0   (incl. Padding)

    ----------------------------------------------------------------------

      Code (inc. data)   RO Data    RW Data    ZI Data      Debug   Library Member Name

       238         24          0          1          0       3312   hal_cm.o
       304         36          0          0          0        768   hal_cm3.o
      1694        182          0          8          0      41005   rt_cmsis.o
        80          4          0          0          0        661   rt_event.o
       530         34          0          0         48       8253   rt_list.o
       706         14          0          0          0       4787   rt_mailbox.o
       140          0          0          0          0       1925   rt_membox.o
       128          0          0          0          0       2307   rt_memory.o
       352         14          0          0          0       2105   rt_mutex.o
        96         22          0          8          0       1158   rt_robin.o
        52          4          0          0          0        573   rt_semaphore.o
       298         52          0          8          0       6223   rt_system.o
      1216        174          0          8         52       9649   rt_task.o
         6          0          0          4          0        652   rt_time.o
         4          4          0          0          0        208   svc_table.o
         8          0          0          0          0         68   __main.o
       312          4         17          0          0         92   __printf_flags_wp.o
        14          0          0          0          0         68   __printf_wp.o
         0          0          0          0          0          0   __rtentry.o
        20          0          0          0          0          0   __rtentry2.o
         6          0          0          0          0          0   __rtentry4.o
        52          8          0          0          0          0   __scatter.o
        26          0          0          0          0          0   __scatter_copy.o
        28          0          0          0          0          0   __scatter_zi.o
        48          6          0          0          0         96   _printf_char_common.o
         6          0          0          0          0          0   _printf_d.o
       120         16          0          0          0         92   _printf_dec.o
       178          0          0          0          0         88   _printf_intcommon.o
        78          0          0          0          0        108   _printf_pad.o
         0          0          0          0          0          0   _printf_percent.o
         4          0          0          0          0          0   _printf_percent_end.o
        10          0          0          0          0         68   _sputc.o
        18          0          0          0          0         80   exit.o
         6          0          0          0          0        152   heapauxi.o
         0          0          0          0          0          0   indicate_semi.o
         2          0          0          0          0          0   libinit.o
         2          0          0          0          0          0   libinit2.o
         2          0          0          0          0          0   libshutdown.o
         2          0          0          0          0          0   libshutdown2.o
         8          4          0          0         96         68   libspace.o
       238          0          0          0          0        100   lludivv7m.o
        40          6          0          0          0         84   noretval__2sprintf.o
        78          0          0          0          0         80   rt_memclr_w.o
         2          0          0          0          0          0   rtexit.o
        10          0          0          0          0          0   rtexit2.o
        12          4          0          0          0         68   sys_exit.o
        74          0          0          0          0         80   sys_stackheap_outer.o
         2          0          0          0          0         68   use_no_semi.o

    ----------------------------------------------------------------------
      7282        612         20         40        200      85046   Library Totals
        32          0          3          3          4          0   (incl. Padding)

    ----------------------------------------------------------------------

      Code (inc. data)   RO Data    RW Data    ZI Data      Debug   Library Name

      5844        564          0         37        100      83586   RTX_CM3.lib
      1406         48         17          0         96       1460   c_w.l

    ----------------------------------------------------------------------
      7282        612         20         40        200      85046   Library Totals

    ----------------------------------------------------------------------

==============================================================================


      Code (inc. data)   RO Data    RW Data    ZI Data      Debug   

     25944       1488       7432        156      18772     291369   Grand Totals
     25944       1488       7432        156      18772     291369   ELF Image Totals
     25944       1488       7432        156          0          0   ROM Totals

==============================================================================

    Total RO  Size (Code + RO Data)                33376 (  32.59kB)
    Total RW  Size (RW Data + ZI Data)             18928 (  18.48kB)
    Total ROM Size (Code + RO Data + RW Data)      33532 (  32.75kB)

==============================================================================

